Listing '.'...
Listing '.\\.git'...
Listing '.\\.git\\hooks'...
Listing '.\\.git\\info'...
Listing '.\\.git\\logs'...
Listing '.\\.git\\logs\\refs'...
Listing '.\\.git\\logs\\refs\\heads'...
Listing '.\\.git\\logs\\refs\\remotes'...
Listing '.\\.git\\logs\\refs\\remotes\\origin'...
Listing '.\\.git\\objects'...
Listing '.\\.git\\objects\\01'...
Listing '.\\.git\\objects\\03'...
Listing '.\\.git\\objects\\04'...
Listing '.\\.git\\objects\\06'...
Listing '.\\.git\\objects\\08'...
Listing '.\\.git\\objects\\0a'...
Listing '.\\.git\\objects\\0c'...
Listing '.\\.git\\objects\\0e'...
Listing '.\\.git\\objects\\0f'...
Listing '.\\.git\\objects\\10'...
Listing '.\\.git\\objects\\11'...
Listing '.\\.git\\objects\\13'...
Listing '.\\.git\\objects\\14'...
Listing '.\\.git\\objects\\16'...
Listing '.\\.git\\objects\\17'...
Listing '.\\.git\\objects\\19'...
Listing '.\\.git\\objects\\1a'...
Listing '.\\.git\\objects\\1b'...
Listing '.\\.git\\objects\\1c'...
Listing '.\\.git\\objects\\1d'...
Listing '.\\.git\\objects\\1e'...
Listing '.\\.git\\objects\\20'...
Listing '.\\.git\\objects\\21'...
Listing '.\\.git\\objects\\22'...
Listing '.\\.git\\objects\\25'...
Listing '.\\.git\\objects\\28'...
Listing '.\\.git\\objects\\29'...
Listing '.\\.git\\objects\\2d'...
Listing '.\\.git\\objects\\2e'...
Listing '.\\.git\\objects\\2f'...
Listing '.\\.git\\objects\\31'...
Listing '.\\.git\\objects\\32'...
Listing '.\\.git\\objects\\36'...
Listing '.\\.git\\objects\\38'...
Listing '.\\.git\\objects\\39'...
Listing '.\\.git\\objects\\3a'...
Listing '.\\.git\\objects\\3c'...
Listing '.\\.git\\objects\\3d'...
Listing '.\\.git\\objects\\3e'...
Listing '.\\.git\\objects\\3f'...
Listing '.\\.git\\objects\\40'...
Listing '.\\.git\\objects\\41'...
Listing '.\\.git\\objects\\42'...
Listing '.\\.git\\objects\\43'...
Listing '.\\.git\\objects\\44'...
Listing '.\\.git\\objects\\45'...
Listing '.\\.git\\objects\\47'...
Listing '.\\.git\\objects\\48'...
Listing '.\\.git\\objects\\49'...
Listing '.\\.git\\objects\\4a'...
Listing '.\\.git\\objects\\4b'...
Listing '.\\.git\\objects\\4d'...
Listing '.\\.git\\objects\\4e'...
Listing '.\\.git\\objects\\51'...
Listing '.\\.git\\objects\\52'...
Listing '.\\.git\\objects\\53'...
Listing '.\\.git\\objects\\55'...
Listing '.\\.git\\objects\\56'...
Listing '.\\.git\\objects\\57'...
Listing '.\\.git\\objects\\58'...
Listing '.\\.git\\objects\\59'...
Listing '.\\.git\\objects\\5a'...
Listing '.\\.git\\objects\\5c'...
Listing '.\\.git\\objects\\5d'...
Listing '.\\.git\\objects\\5e'...
Listing '.\\.git\\objects\\5f'...
Listing '.\\.git\\objects\\61'...
Listing '.\\.git\\objects\\62'...
Listing '.\\.git\\objects\\64'...
Listing '.\\.git\\objects\\65'...
Listing '.\\.git\\objects\\66'...
Listing '.\\.git\\objects\\68'...
Listing '.\\.git\\objects\\69'...
Listing '.\\.git\\objects\\6d'...
Listing '.\\.git\\objects\\6e'...
Listing '.\\.git\\objects\\6f'...
Listing '.\\.git\\objects\\71'...
Listing '.\\.git\\objects\\73'...
Listing '.\\.git\\objects\\75'...
Listing '.\\.git\\objects\\79'...
Listing '.\\.git\\objects\\7c'...
Listing '.\\.git\\objects\\7d'...
Listing '.\\.git\\objects\\80'...
Listing '.\\.git\\objects\\81'...
Listing '.\\.git\\objects\\82'...
Listing '.\\.git\\objects\\83'...
Listing '.\\.git\\objects\\84'...
Listing '.\\.git\\objects\\85'...
Listing '.\\.git\\objects\\86'...
Listing '.\\.git\\objects\\8b'...
Listing '.\\.git\\objects\\8c'...
Listing '.\\.git\\objects\\8d'...
Listing '.\\.git\\objects\\8e'...
Listing '.\\.git\\objects\\8f'...
Listing '.\\.git\\objects\\90'...
Listing '.\\.git\\objects\\91'...
Listing '.\\.git\\objects\\93'...
Listing '.\\.git\\objects\\95'...
Listing '.\\.git\\objects\\96'...
Listing '.\\.git\\objects\\98'...
Listing '.\\.git\\objects\\99'...
Listing '.\\.git\\objects\\9b'...
Listing '.\\.git\\objects\\9c'...
Listing '.\\.git\\objects\\9d'...
Listing '.\\.git\\objects\\9f'...
Listing '.\\.git\\objects\\a0'...
Listing '.\\.git\\objects\\a1'...
Listing '.\\.git\\objects\\a2'...
Listing '.\\.git\\objects\\a4'...
Listing '.\\.git\\objects\\a5'...
Listing '.\\.git\\objects\\a6'...
Listing '.\\.git\\objects\\a7'...
Listing '.\\.git\\objects\\a8'...
Listing '.\\.git\\objects\\a9'...
Listing '.\\.git\\objects\\ad'...
Listing '.\\.git\\objects\\af'...
Listing '.\\.git\\objects\\b0'...
Listing '.\\.git\\objects\\b1'...
Listing '.\\.git\\objects\\b3'...
Listing '.\\.git\\objects\\b4'...
Listing '.\\.git\\objects\\b6'...
Listing '.\\.git\\objects\\b8'...
Listing '.\\.git\\objects\\b9'...
Listing '.\\.git\\objects\\bb'...
Listing '.\\.git\\objects\\bc'...
Listing '.\\.git\\objects\\bd'...
Listing '.\\.git\\objects\\be'...
Listing '.\\.git\\objects\\bf'...
Listing '.\\.git\\objects\\c0'...
Listing '.\\.git\\objects\\c1'...
Listing '.\\.git\\objects\\c3'...
Listing '.\\.git\\objects\\c4'...
Listing '.\\.git\\objects\\c5'...
Listing '.\\.git\\objects\\c6'...
Listing '.\\.git\\objects\\c8'...
Listing '.\\.git\\objects\\c9'...
Listing '.\\.git\\objects\\cb'...
Listing '.\\.git\\objects\\cd'...
Listing '.\\.git\\objects\\ce'...
Listing '.\\.git\\objects\\d0'...
Listing '.\\.git\\objects\\d1'...
Listing '.\\.git\\objects\\d5'...
Listing '.\\.git\\objects\\d6'...
Listing '.\\.git\\objects\\d7'...
Listing '.\\.git\\objects\\d8'...
Listing '.\\.git\\objects\\db'...
Listing '.\\.git\\objects\\dd'...
Listing '.\\.git\\objects\\de'...
Listing '.\\.git\\objects\\e1'...
Listing '.\\.git\\objects\\e2'...
Listing '.\\.git\\objects\\e3'...
Listing '.\\.git\\objects\\e5'...
Listing '.\\.git\\objects\\e8'...
Listing '.\\.git\\objects\\ea'...
Listing '.\\.git\\objects\\eb'...
Listing '.\\.git\\objects\\ec'...
Listing '.\\.git\\objects\\ed'...
Listing '.\\.git\\objects\\ee'...
Listing '.\\.git\\objects\\f0'...
Listing '.\\.git\\objects\\f1'...
Listing '.\\.git\\objects\\f2'...
Listing '.\\.git\\objects\\f5'...
Listing '.\\.git\\objects\\f6'...
Listing '.\\.git\\objects\\f7'...
Listing '.\\.git\\objects\\f8'...
Listing '.\\.git\\objects\\f9'...
Listing '.\\.git\\objects\\fa'...
Listing '.\\.git\\objects\\fb'...
Listing '.\\.git\\objects\\fc'...
Listing '.\\.git\\objects\\fd'...
Listing '.\\.git\\objects\\fe'...
Listing '.\\.git\\objects\\ff'...
Listing '.\\.git\\objects\\info'...
Listing '.\\.git\\objects\\pack'...
Listing '.\\.git\\refs'...
Listing '.\\.git\\refs\\heads'...
Listing '.\\.git\\refs\\remotes'...
Listing '.\\.git\\refs\\remotes\\origin'...
Listing '.\\.git\\refs\\tags'...
Listing '.\\.pytest_cache'...
Listing '.\\.pytest_cache\\v'...
Listing '.\\.pytest_cache\\v\\cache'...
Listing '.\\.venv'...
Listing '.\\.venv\\Include'...
Listing '.\\.venv\\Include\\site'...
Listing '.\\.venv\\Include\\site\\python3.13'...
Listing '.\\.venv\\Include\\site\\python3.13\\greenlet'...
Listing '.\\.venv\\Lib'...
Listing '.\\.venv\\Lib\\site-packages'...
Listing '.\\.venv\\Lib\\site-packages\\SQLAlchemy-2.0.35.dist-info'...
Listing '.\\.venv\\Lib\\site-packages\\_pytest'...
Listing '.\\.venv\\Lib\\site-packages\\_pytest\\_code'...
Listing '.\\.venv\\Lib\\site-packages\\_pytest\\_io'...
Listing '.\\.venv\\Lib\\site-packages\\_pytest\\_py'...
Listing '.\\.venv\\Lib\\site-packages\\_pytest\\assertion'...
Listing '.\\.venv\\Lib\\site-packages\\_pytest\\config'...
Listing '.\\.venv\\Lib\\site-packages\\_pytest\\mark'...
Listing '.\\.venv\\Lib\\site-packages\\_yaml'...
Listing '.\\.venv\\Lib\\site-packages\\adodbapi'...
Listing '.\\.venv\\Lib\\site-packages\\adodbapi\\examples'...
Listing '.\\.venv\\Lib\\site-packages\\adodbapi\\test'...
Listing '.\\.venv\\Lib\\site-packages\\aiosqlite'...
Listing '.\\.venv\\Lib\\site-packages\\aiosqlite\\tests'...
Listing '.\\.venv\\Lib\\site-packages\\aiosqlite-0.22.1.dist-info'...
Listing '.\\.venv\\Lib\\site-packages\\aiosqlite-0.22.1.dist-info\\licenses'...
Listing '.\\.venv\\Lib\\site-packages\\alembic'...
Listing '.\\.venv\\Lib\\site-packages\\alembic\\autogenerate'...
Listing '.\\.venv\\Lib\\site-packages\\alembic\\autogenerate\\compare'...
Listing '.\\.venv\\Lib\\site-packages\\alembic\\ddl'...
Listing '.\\.venv\\Lib\\site-packages\\alembic\\operations'...
Listing '.\\.venv\\Lib\\site-packages\\alembic\\runtime'...
Listing '.\\.venv\\Lib\\site-packages\\alembic\\script'...
Listing '.\\.venv\\Lib\\site-packages\\alembic\\templates'...
Listing '.\\.venv\\Lib\\site-packages\\alembic\\templates\\async'...
Listing '.\\.venv\\Lib\\site-packages\\alembic\\templates\\generic'...
Listing '.\\.venv\\Lib\\site-packages\\alembic\\templates\\multidb'...
Listing '.\\.venv\\Lib\\site-packages\\alembic\\templates\\pyproject'...
Listing '.\\.venv\\Lib\\site-packages\\alembic\\templates\\pyproject_async'...
Listing '.\\.venv\\Lib\\site-packages\\alembic\\testing'...
Listing '.\\.venv\\Lib\\site-packages\\alembic\\testing\\plugin'...
Listing '.\\.venv\\Lib\\site-packages\\alembic\\testing\\suite'...
Listing '.\\.venv\\Lib\\site-packages\\alembic\\util'...
Listing '.\\.venv\\Lib\\site-packages\\alembic-1.18.5.dist-info'...
Listing '.\\.venv\\Lib\\site-packages\\alembic-1.18.5.dist-info\\licenses'...
Listing '.\\.venv\\Lib\\site-packages\\annotated_doc'...
Listing '.\\.venv\\Lib\\site-packages\\annotated_doc-0.0.4.dist-info'...
Listing '.\\.venv\\Lib\\site-packages\\annotated_doc-0.0.4.dist-info\\licenses'...
Listing '.\\.venv\\Lib\\site-packages\\annotated_types'...
Listing '.\\.venv\\Lib\\site-packages\\annotated_types-0.7.0.dist-info'...
Listing '.\\.venv\\Lib\\site-packages\\annotated_types-0.7.0.dist-info\\licenses'...
Listing '.\\.venv\\Lib\\site-packages\\anyio'...
Listing '.\\.venv\\Lib\\site-packages\\anyio\\_backends'...
Listing '.\\.venv\\Lib\\site-packages\\anyio\\_core'...
Listing '.\\.venv\\Lib\\site-packages\\anyio\\abc'...
Listing '.\\.venv\\Lib\\site-packages\\anyio\\streams'...
Listing '.\\.venv\\Lib\\site-packages\\anyio-4.14.1.dist-info'...
Listing '.\\.venv\\Lib\\site-packages\\anyio-4.14.1.dist-info\\licenses'...
Listing '.\\.venv\\Lib\\site-packages\\apprise'...
Listing '.\\.venv\\Lib\\site-packages\\apprise\\assets'...
Listing '.\\.venv\\Lib\\site-packages\\apprise\\assets\\themes'...
Listing '.\\.venv\\Lib\\site-packages\\apprise\\assets\\themes\\default'...
Listing '.\\.venv\\Lib\\site-packages\\apprise\\attachment'...
Listing '.\\.venv\\Lib\\site-packages\\apprise\\config'...
Listing '.\\.venv\\Lib\\site-packages\\apprise\\decorators'...
Listing '.\\.venv\\Lib\\site-packages\\apprise\\i18n'...
Listing '.\\.venv\\Lib\\site-packages\\apprise\\i18n\\en'...
Listing '.\\.venv\\Lib\\site-packages\\apprise\\i18n\\en\\LC_MESSAGES'...
Listing '.\\.venv\\Lib\\site-packages\\apprise\\i18n\\es'...
Listing '.\\.venv\\Lib\\site-packages\\apprise\\i18n\\es\\LC_MESSAGES'...
Listing '.\\.venv\\Lib\\site-packages\\apprise\\i18n\\pt_BR'...
Listing '.\\.venv\\Lib\\site-packages\\apprise\\i18n\\pt_BR\\LC_MESSAGES'...
Listing '.\\.venv\\Lib\\site-packages\\apprise\\plugins'...
Listing '.\\.venv\\Lib\\site-packages\\apprise\\plugins\\email'...
Listing '.\\.venv\\Lib\\site-packages\\apprise\\plugins\\fcm'...
Listing '.\\.venv\\Lib\\site-packages\\apprise\\plugins\\irc'...
Listing '.\\.venv\\Lib\\site-packages\\apprise\\plugins\\matrix'...
Listing '.\\.venv\\Lib\\site-packages\\apprise\\plugins\\vapid'...
Listing '.\\.venv\\Lib\\site-packages\\apprise\\plugins\\xmpp'...
Listing '.\\.venv\\Lib\\site-packages\\apprise\\utils'...
Listing '.\\.venv\\Lib\\site-packages\\apprise-1.12.0.dist-info'...
Listing '.\\.venv\\Lib\\site-packages\\apprise-1.12.0.dist-info\\licenses'...
Listing '.\\.venv\\Lib\\site-packages\\asgi_lifespan'...
Listing '.\\.venv\\Lib\\site-packages\\asgi_lifespan\\_concurrency'...
Listing '.\\.venv\\Lib\\site-packages\\asgi_lifespan-2.1.0.dist-info'...
Listing '.\\.venv\\Lib\\site-packages\\asyncpg'...
Listing '.\\.venv\\Lib\\site-packages\\asyncpg\\_testbase'...
Listing '.\\.venv\\Lib\\site-packages\\asyncpg\\exceptions'...
Listing '.\\.venv\\Lib\\site-packages\\asyncpg\\pgproto'...
Listing '.\\.venv\\Lib\\site-packages\\asyncpg\\pgproto\\codecs'...
Listing '.\\.venv\\Lib\\site-packages\\asyncpg\\protocol'...
Listing '.\\.venv\\Lib\\site-packages\\asyncpg\\protocol\\codecs'...
Listing '.\\.venv\\Lib\\site-packages\\asyncpg-0.31.0.dist-info'...
Listing '.\\.venv\\Lib\\site-packages\\asyncpg-0.31.0.dist-info\\licenses'...
Listing '.\\.venv\\Lib\\site-packages\\attr'...
Listing '.\\.venv\\Lib\\site-packages\\attrs'...
Listing '.\\.venv\\Lib\\site-packages\\attrs-26.1.0.dist-info'...
Listing '.\\.venv\\Lib\\site-packages\\attrs-26.1.0.dist-info\\licenses'...
Listing '.\\.venv\\Lib\\site-packages\\cachetools'...
Listing '.\\.venv\\Lib\\site-packages\\cachetools-6.2.6.dist-info'...
Listing '.\\.venv\\Lib\\site-packages\\cachetools-6.2.6.dist-info\\licenses'...
Listing '.\\.venv\\Lib\\site-packages\\certifi'...
Listing '.\\.venv\\Lib\\site-packages\\certifi-2026.6.17.dist-info'...
Listing '.\\.venv\\Lib\\site-packages\\certifi-2026.6.17.dist-info\\licenses'...
Listing '.\\.venv\\Lib\\site-packages\\cffi'...
Listing '.\\.venv\\Lib\\site-packages\\cffi-2.1.0.dist-info'...
Listing '.\\.venv\\Lib\\site-packages\\cffi-2.1.0.dist-info\\licenses'...
Listing '.\\.venv\\Lib\\site-packages\\charset_normalizer'...
Listing '.\\.venv\\Lib\\site-packages\\charset_normalizer\\cli'...
Listing '.\\.venv\\Lib\\site-packages\\charset_normalizer-3.4.9.dist-info'...
Listing '.\\.venv\\Lib\\site-packages\\charset_normalizer-3.4.9.dist-info\\licenses'...
Listing '.\\.venv\\Lib\\site-packages\\click'...
Listing '.\\.venv\\Lib\\site-packages\\click-8.1.8.dist-info'...
Listing '.\\.venv\\Lib\\site-packages\\cloudpickle'...
Listing '.\\.venv\\Lib\\site-packages\\cloudpickle-3.1.2.dist-info'...
Listing '.\\.venv\\Lib\\site-packages\\cloudpickle-3.1.2.dist-info\\licenses'...
Listing '.\\.venv\\Lib\\site-packages\\colorama'...
Listing '.\\.venv\\Lib\\site-packages\\colorama\\tests'...
Listing '.\\.venv\\Lib\\site-packages\\colorama-0.4.6.dist-info'...
Listing '.\\.venv\\Lib\\site-packages\\colorama-0.4.6.dist-info\\licenses'...
Listing '.\\.venv\\Lib\\site-packages\\coolname'...
Listing '.\\.venv\\Lib\\site-packages\\coolname\\data'...
Listing '.\\.venv\\Lib\\site-packages\\coolname-2.2.0.dist-info'...
Listing '.\\.venv\\Lib\\site-packages\\croniter'...
Listing '.\\.venv\\Lib\\site-packages\\croniter-5.0.1.dist-info'...
Listing '.\\.venv\\Lib\\site-packages\\cryptography'...
Listing '.\\.venv\\Lib\\site-packages\\cryptography\\hazmat'...
Listing '.\\.venv\\Lib\\site-packages\\cryptography\\hazmat\\asn1'...
Listing '.\\.venv\\Lib\\site-packages\\cryptography\\hazmat\\backends'...
Listing '.\\.venv\\Lib\\site-packages\\cryptography\\hazmat\\backends\\openssl'...
Listing '.\\.venv\\Lib\\site-packages\\cryptography\\hazmat\\bindings'...
Listing '.\\.venv\\Lib\\site-packages\\cryptography\\hazmat\\bindings\\_rust'...
Listing '.\\.venv\\Lib\\site-packages\\cryptography\\hazmat\\bindings\\_rust\\openssl'...
Listing '.\\.venv\\Lib\\site-packages\\cryptography\\hazmat\\bindings\\openssl'...
Listing '.\\.venv\\Lib\\site-packages\\cryptography\\hazmat\\decrepit'...
Listing '.\\.venv\\Lib\\site-packages\\cryptography\\hazmat\\decrepit\\ciphers'...
Listing '.\\.venv\\Lib\\site-packages\\cryptography\\hazmat\\primitives'...
Listing '.\\.venv\\Lib\\site-packages\\cryptography\\hazmat\\primitives\\asymmetric'...
Listing '.\\.venv\\Lib\\site-packages\\cryptography\\hazmat\\primitives\\ciphers'...
Listing '.\\.venv\\Lib\\site-packages\\cryptography\\hazmat\\primitives\\kdf'...
Listing '.\\.venv\\Lib\\site-packages\\cryptography\\hazmat\\primitives\\serialization'...
Listing '.\\.venv\\Lib\\site-packages\\cryptography\\hazmat\\primitives\\twofactor'...
Listing '.\\.venv\\Lib\\site-packages\\cryptography\\x509'...
Listing '.\\.venv\\Lib\\site-packages\\cryptography-49.0.0.dist-info'...
Listing '.\\.venv\\Lib\\site-packages\\cryptography-49.0.0.dist-info\\licenses'...
Listing '.\\.venv\\Lib\\site-packages\\cryptography-49.0.0.dist-info\\sboms'...
Listing '.\\.venv\\Lib\\site-packages\\dateparser'...
Listing '.\\.venv\\Lib\\site-packages\\dateparser\\calendars'...
Listing '.\\.venv\\Lib\\site-packages\\dateparser\\custom_language_detection'...
Listing '.\\.venv\\Lib\\site-packages\\dateparser\\data'...
Listing '.\\.venv\\Lib\\site-packages\\dateparser\\data\\date_translation_data'...
Listing '.\\.venv\\Lib\\site-packages\\dateparser\\languages'...
Listing '.\\.venv\\Lib\\site-packages\\dateparser\\search'...
Listing '.\\.venv\\Lib\\site-packages\\dateparser\\utils'...
Listing '.\\.venv\\Lib\\site-packages\\dateparser-1.4.1.dist-info'...
Listing '.\\.venv\\Lib\\site-packages\\dateparser-1.4.1.dist-info\\licenses'...
Listing '.\\.venv\\Lib\\site-packages\\dateparser_cli'...
Listing '.\\.venv\\Lib\\site-packages\\dateparser_data'...
Listing '.\\.venv\\Lib\\site-packages\\dateparser_scripts'...
Listing '.\\.venv\\Lib\\site-packages\\dateutil'...
Listing '.\\.venv\\Lib\\site-packages\\dateutil\\parser'...
Listing '.\\.venv\\Lib\\site-packages\\dateutil\\tz'...
Listing '.\\.venv\\Lib\\site-packages\\dateutil\\zoneinfo'...
Listing '.\\.venv\\Lib\\site-packages\\dns'...
Listing '.\\.venv\\Lib\\site-packages\\dns\\dnssecalgs'...
Listing '.\\.venv\\Lib\\site-packages\\dns\\quic'...
Listing '.\\.venv\\Lib\\site-packages\\dns\\rdtypes'...
Listing '.\\.venv\\Lib\\site-packages\\dns\\rdtypes\\ANY'...
Listing '.\\.venv\\Lib\\site-packages\\dns\\rdtypes\\CH'...
Listing '.\\.venv\\Lib\\site-packages\\dns\\rdtypes\\IN'...
Listing '.\\.venv\\Lib\\site-packages\\dnspython-2.8.0.dist-info'...
Listing '.\\.venv\\Lib\\site-packages\\dnspython-2.8.0.dist-info\\licenses'...
Listing '.\\.venv\\Lib\\site-packages\\docker'...
Listing '.\\.venv\\Lib\\site-packages\\docker\\api'...
Listing '.\\.venv\\Lib\\site-packages\\docker\\context'...
Listing '.\\.venv\\Lib\\site-packages\\docker\\credentials'...
Listing '.\\.venv\\Lib\\site-packages\\docker\\models'...
Listing '.\\.venv\\Lib\\site-packages\\docker\\transport'...
Listing '.\\.venv\\Lib\\site-packages\\docker\\types'...
Listing '.\\.venv\\Lib\\site-packages\\docker\\utils'...
Listing '.\\.venv\\Lib\\site-packages\\docker-7.1.0.dist-info'...
Listing '.\\.venv\\Lib\\site-packages\\docker-7.1.0.dist-info\\licenses'...
Listing '.\\.venv\\Lib\\site-packages\\dotenv'...
Listing '.\\.venv\\Lib\\site-packages\\durationpy'...
Listing '.\\.venv\\Lib\\site-packages\\durationpy-0.10.dist-info'...
Listing '.\\.venv\\Lib\\site-packages\\email_validator'...
Listing '.\\.venv\\Lib\\site-packages\\email_validator-2.3.0.dist-info'...
Listing '.\\.venv\\Lib\\site-packages\\email_validator-2.3.0.dist-info\\licenses'...
Listing '.\\.venv\\Lib\\site-packages\\exceptiongroup'...
Listing '.\\.venv\\Lib\\site-packages\\exceptiongroup-1.3.1.dist-info'...
Listing '.\\.venv\\Lib\\site-packages\\exceptiongroup-1.3.1.dist-info\\licenses'...
Listing '.\\.venv\\Lib\\site-packages\\fastapi'...
Listing '.\\.venv\\Lib\\site-packages\\fastapi\\.agents'...
Listing '.\\.venv\\Lib\\site-packages\\fastapi\\.agents\\skills'...
Listing '.\\.venv\\Lib\\site-packages\\fastapi\\.agents\\skills\\fastapi'...
Listing '.\\.venv\\Lib\\site-packages\\fastapi\\.agents\\skills\\fastapi\\references'...
Listing '.\\.venv\\Lib\\site-packages\\fastapi\\_compat'...
Listing '.\\.venv\\Lib\\site-packages\\fastapi\\dependencies'...
Listing '.\\.venv\\Lib\\site-packages\\fastapi\\middleware'...
Listing '.\\.venv\\Lib\\site-packages\\fastapi\\openapi'...
Listing '.\\.venv\\Lib\\site-packages\\fastapi\\security'...
Listing '.\\.venv\\Lib\\site-packages\\fastapi-0.139.0.dist-info'...
Listing '.\\.venv\\Lib\\site-packages\\fastapi-0.139.0.dist-info\\licenses'...
Listing '.\\.venv\\Lib\\site-packages\\fsspec'...
Listing '.\\.venv\\Lib\\site-packages\\fsspec\\implementations'...
Listing '.\\.venv\\Lib\\site-packages\\fsspec\\tests'...
Listing '.\\.venv\\Lib\\site-packages\\fsspec\\tests\\abstract'...
Listing '.\\.venv\\Lib\\site-packages\\fsspec-2026.6.0.dist-info'...
Listing '.\\.venv\\Lib\\site-packages\\fsspec-2026.6.0.dist-info\\licenses'...
Listing '.\\.venv\\Lib\\site-packages\\google'...
Listing '.\\.venv\\Lib\\site-packages\\google\\auth'...
Listing '.\\.venv\\Lib\\site-packages\\google\\auth\\aio'...
Listing '.\\.venv\\Lib\\site-packages\\google\\auth\\aio\\transport'...
Listing '.\\.venv\\Lib\\site-packages\\google\\auth\\compute_engine'...
Listing '.\\.venv\\Lib\\site-packages\\google\\auth\\crypt'...
Listing '.\\.venv\\Lib\\site-packages\\google\\auth\\transport'...
Listing '.\\.venv\\Lib\\site-packages\\google\\oauth2'...
Listing '.\\.venv\\Lib\\site-packages\\google_auth-2.55.2.dist-info'...
Listing '.\\.venv\\Lib\\site-packages\\google_auth-2.55.2.dist-info\\licenses'...
Listing '.\\.venv\\Lib\\site-packages\\graphviz'...
Listing '.\\.venv\\Lib\\site-packages\\graphviz\\backend'...
Listing '.\\.venv\\Lib\\site-packages\\graphviz\\parameters'...
Listing '.\\.venv\\Lib\\site-packages\\graphviz-0.21.dist-info'...
Listing '.\\.venv\\Lib\\site-packages\\graphviz-0.21.dist-info\\licenses'...
Listing '.\\.venv\\Lib\\site-packages\\greenlet'...
Listing '.\\.venv\\Lib\\site-packages\\greenlet\\platform'...
Listing '.\\.venv\\Lib\\site-packages\\greenlet\\tests'...
Listing '.\\.venv\\Lib\\site-packages\\greenlet-3.5.3.dist-info'...
Listing '.\\.venv\\Lib\\site-packages\\greenlet-3.5.3.dist-info\\licenses'...
Listing '.\\.venv\\Lib\\site-packages\\griffe'...
Listing '.\\.venv\\Lib\\site-packages\\griffe\\_internal'...
Listing '.\\.venv\\Lib\\site-packages\\griffe\\_internal\\agents'...
Listing '.\\.venv\\Lib\\site-packages\\griffe\\_internal\\agents\\nodes'...
Listing '.\\.venv\\Lib\\site-packages\\griffe\\_internal\\docstrings'...
Listing '.\\.venv\\Lib\\site-packages\\griffe\\_internal\\extensions'...
Listing '.\\.venv\\Lib\\site-packages\\griffe-1.15.0.dist-info'...
Listing '.\\.venv\\Lib\\site-packages\\griffe-1.15.0.dist-info\\licenses'...
Listing '.\\.venv\\Lib\\site-packages\\h11'...
Listing '.\\.venv\\Lib\\site-packages\\h11-0.16.0.dist-info'...
Listing '.\\.venv\\Lib\\site-packages\\h11-0.16.0.dist-info\\licenses'...
Listing '.\\.venv\\Lib\\site-packages\\h2'...
Listing '.\\.venv\\Lib\\site-packages\\h2-4.3.0.dist-info'...
Listing '.\\.venv\\Lib\\site-packages\\h2-4.3.0.dist-info\\licenses'...
Listing '.\\.venv\\Lib\\site-packages\\hpack'...
Listing '.\\.venv\\Lib\\site-packages\\hpack-4.2.0.dist-info'...
Listing '.\\.venv\\Lib\\site-packages\\hpack-4.2.0.dist-info\\licenses'...
Listing '.\\.venv\\Lib\\site-packages\\httpcore'...
Listing '.\\.venv\\Lib\\site-packages\\httpcore\\_async'...
Listing '.\\.venv\\Lib\\site-packages\\httpcore\\_backends'...
Listing '.\\.venv\\Lib\\site-packages\\httpcore\\_sync'...
Listing '.\\.venv\\Lib\\site-packages\\httpcore-1.0.9.dist-info'...
Listing '.\\.venv\\Lib\\site-packages\\httpcore-1.0.9.dist-info\\licenses'...
Listing '.\\.venv\\Lib\\site-packages\\httpx'...
Listing '.\\.venv\\Lib\\site-packages\\httpx\\_transports'...
Listing '.\\.venv\\Lib\\site-packages\\httpx-0.27.0.dist-info'...
Listing '.\\.venv\\Lib\\site-packages\\httpx-0.27.0.dist-info\\licenses'...
Listing '.\\.venv\\Lib\\site-packages\\httpx_sse'...
Listing '.\\.venv\\Lib\\site-packages\\httpx_sse-0.4.3.dist-info'...
Listing '.\\.venv\\Lib\\site-packages\\httpx_sse-0.4.3.dist-info\\licenses'...
Listing '.\\.venv\\Lib\\site-packages\\humanize'...
Listing '.\\.venv\\Lib\\site-packages\\humanize\\locale'...
Listing '.\\.venv\\Lib\\site-packages\\humanize\\locale\\ar'...
Listing '.\\.venv\\Lib\\site-packages\\humanize\\locale\\ar\\LC_MESSAGES'...
Listing '.\\.venv\\Lib\\site-packages\\humanize\\locale\\bn_BD'...
Listing '.\\.venv\\Lib\\site-packages\\humanize\\locale\\bn_BD\\LC_MESSAGES'...
Listing '.\\.venv\\Lib\\site-packages\\humanize\\locale\\ca_ES'...
Listing '.\\.venv\\Lib\\site-packages\\humanize\\locale\\ca_ES\\LC_MESSAGES'...
Listing '.\\.venv\\Lib\\site-packages\\humanize\\locale\\da_DK'...
Listing '.\\.venv\\Lib\\site-packages\\humanize\\locale\\da_DK\\LC_MESSAGES'...
Listing '.\\.venv\\Lib\\site-packages\\humanize\\locale\\de_DE'...
Listing '.\\.venv\\Lib\\site-packages\\humanize\\locale\\de_DE\\LC_MESSAGES'...
Listing '.\\.venv\\Lib\\site-packages\\humanize\\locale\\el_GR'...
Listing '.\\.venv\\Lib\\site-packages\\humanize\\locale\\el_GR\\LC_MESSAGES'...
Listing '.\\.venv\\Lib\\site-packages\\humanize\\locale\\eo'...
Listing '.\\.venv\\Lib\\site-packages\\humanize\\locale\\eo\\LC_MESSAGES'...
Listing '.\\.venv\\Lib\\site-packages\\humanize\\locale\\es_ES'...
Listing '.\\.venv\\Lib\\site-packages\\humanize\\locale\\es_ES\\LC_MESSAGES'...
Listing '.\\.venv\\Lib\\site-packages\\humanize\\locale\\eu'...
Listing '.\\.venv\\Lib\\site-packages\\humanize\\locale\\eu\\LC_MESSAGES'...
Listing '.\\.venv\\Lib\\site-packages\\humanize\\locale\\fa_IR'...
Listing '.\\.venv\\Lib\\site-packages\\humanize\\locale\\fa_IR\\LC_MESSAGES'...
Listing '.\\.venv\\Lib\\site-packages\\humanize\\locale\\fi_FI'...
Listing '.\\.venv\\Lib\\site-packages\\humanize\\locale\\fi_FI\\LC_MESSAGES'...
Listing '.\\.venv\\Lib\\site-packages\\humanize\\locale\\fr_FR'...
Listing '.\\.venv\\Lib\\site-packages\\humanize\\locale\\fr_FR\\LC_MESSAGES'...
Listing '.\\.venv\\Lib\\site-packages\\humanize\\locale\\he_IL'...
Listing '.\\.venv\\Lib\\site-packages\\humanize\\locale\\he_IL\\LC_MESSAGES'...
Listing '.\\.venv\\Lib\\site-packages\\humanize\\locale\\hu_HU'...
Listing '.\\.venv\\Lib\\site-packages\\humanize\\locale\\hu_HU\\LC_MESSAGES'...
Listing '.\\.venv\\Lib\\site-packages\\humanize\\locale\\id_ID'...
Listing '.\\.venv\\Lib\\site-packages\\humanize\\locale\\id_ID\\LC_MESSAGES'...
Listing '.\\.venv\\Lib\\site-packages\\humanize\\locale\\it_IT'...
Listing '.\\.venv\\Lib\\site-packages\\humanize\\locale\\it_IT\\LC_MESSAGES'...
Listing '.\\.venv\\Lib\\site-packages\\humanize\\locale\\ja_JP'...
Listing '.\\.venv\\Lib\\site-packages\\humanize\\locale\\ja_JP\\LC_MESSAGES'...
Listing '.\\.venv\\Lib\\site-packages\\humanize\\locale\\ko_KR'...
Listing '.\\.venv\\Lib\\site-packages\\humanize\\locale\\ko_KR\\LC_MESSAGES'...
Listing '.\\.venv\\Lib\\site-packages\\humanize\\locale\\lv'...
Listing '.\\.venv\\Lib\\site-packages\\humanize\\locale\\lv\\LC_MESSAGES'...
Listing '.\\.venv\\Lib\\site-packages\\humanize\\locale\\nb'...
Listing '.\\.venv\\Lib\\site-packages\\humanize\\locale\\nb\\LC_MESSAGES'...
Listing '.\\.venv\\Lib\\site-packages\\humanize\\locale\\nl_NL'...
Listing '.\\.venv\\Lib\\site-packages\\humanize\\locale\\nl_NL\\LC_MESSAGES'...
Listing '.\\.venv\\Lib\\site-packages\\humanize\\locale\\pl_PL'...
Listing '.\\.venv\\Lib\\site-packages\\humanize\\locale\\pl_PL\\LC_MESSAGES'...
Listing '.\\.venv\\Lib\\site-packages\\humanize\\locale\\pt_BR'...
Listing '.\\.venv\\Lib\\site-packages\\humanize\\locale\\pt_BR\\LC_MESSAGES'...
Listing '.\\.venv\\Lib\\site-packages\\humanize\\locale\\pt_PT'...
Listing '.\\.venv\\Lib\\site-packages\\humanize\\locale\\pt_PT\\LC_MESSAGES'...
Listing '.\\.venv\\Lib\\site-packages\\humanize\\locale\\ru_RU'...
Listing '.\\.venv\\Lib\\site-packages\\humanize\\locale\\ru_RU\\LC_MESSAGES'...
Listing '.\\.venv\\Lib\\site-packages\\humanize\\locale\\sk_SK'...
Listing '.\\.venv\\Lib\\site-packages\\humanize\\locale\\sk_SK\\LC_MESSAGES'...
Listing '.\\.venv\\Lib\\site-packages\\humanize\\locale\\sl_SI'...
Listing '.\\.venv\\Lib\\site-packages\\humanize\\locale\\sl_SI\\LC_MESSAGES'...
Listing '.\\.venv\\Lib\\site-packages\\humanize\\locale\\sv_SE'...
Listing '.\\.venv\\Lib\\site-packages\\humanize\\locale\\sv_SE\\LC_MESSAGES'...
Listing '.\\.venv\\Lib\\site-packages\\humanize\\locale\\tlh'...
Listing '.\\.venv\\Lib\\site-packages\\humanize\\locale\\tlh\\LC_MESSAGES'...
Listing '.\\.venv\\Lib\\site-packages\\humanize\\locale\\tr_TR'...
Listing '.\\.venv\\Lib\\site-packages\\humanize\\locale\\tr_TR\\LC_MESSAGES'...
Listing '.\\.venv\\Lib\\site-packages\\humanize\\locale\\uk_UA'...
Listing '.\\.venv\\Lib\\site-packages\\humanize\\locale\\uk_UA\\LC_MESSAGES'...
Listing '.\\.venv\\Lib\\site-packages\\humanize\\locale\\uz'...
Listing '.\\.venv\\Lib\\site-packages\\humanize\\locale\\uz\\LC_MESSAGES'...
Listing '.\\.venv\\Lib\\site-packages\\humanize\\locale\\vi_VN'...
Listing '.\\.venv\\Lib\\site-packages\\humanize\\locale\\vi_VN\\LC_MESSAGES'...
Listing '.\\.venv\\Lib\\site-packages\\humanize\\locale\\zh_CN'...
Listing '.\\.venv\\Lib\\site-packages\\humanize\\locale\\zh_CN\\LC_MESSAGES'...
Listing '.\\.venv\\Lib\\site-packages\\humanize\\locale\\zh_HK'...
Listing '.\\.venv\\Lib\\site-packages\\humanize\\locale\\zh_HK\\LC_MESSAGES'...
Listing '.\\.venv\\Lib\\site-packages\\humanize-4.16.0.dist-info'...
Listing '.\\.venv\\Lib\\site-packages\\humanize-4.16.0.dist-info\\licenses'...
Listing '.\\.venv\\Lib\\site-packages\\hyperframe'...
Listing '.\\.venv\\Lib\\site-packages\\hyperframe-6.1.0.dist-info'...
Listing '.\\.venv\\Lib\\site-packages\\idna'...
Listing '.\\.venv\\Lib\\site-packages\\idna-3.18.dist-info'...
Listing '.\\.venv\\Lib\\site-packages\\idna-3.18.dist-info\\licenses'...
Listing '.\\.venv\\Lib\\site-packages\\importlib_resources'...
Listing '.\\.venv\\Lib\\site-packages\\importlib_resources\\compat'...
Listing '.\\.venv\\Lib\\site-packages\\importlib_resources\\future'...
Listing '.\\.venv\\Lib\\site-packages\\importlib_resources\\tests'...
Listing '.\\.venv\\Lib\\site-packages\\importlib_resources\\tests\\compat'...
Listing '.\\.venv\\Lib\\site-packages\\importlib_resources-6.4.5.dist-info'...
Listing '.\\.venv\\Lib\\site-packages\\iniconfig'...
Listing '.\\.venv\\Lib\\site-packages\\iniconfig-2.3.0.dist-info'...
Listing '.\\.venv\\Lib\\site-packages\\iniconfig-2.3.0.dist-info\\licenses'...
Listing '.\\.venv\\Lib\\site-packages\\isapi'...
Listing '.\\.venv\\Lib\\site-packages\\isapi\\doc'...
Listing '.\\.venv\\Lib\\site-packages\\isapi\\samples'...
Listing '.\\.venv\\Lib\\site-packages\\isapi\\test'...
Listing '.\\.venv\\Lib\\site-packages\\itsdangerous'...
Listing '.\\.venv\\Lib\\site-packages\\itsdangerous-2.2.0.dist-info'...
Listing '.\\.venv\\Lib\\site-packages\\jinja2'...
Listing '.\\.venv\\Lib\\site-packages\\jinja2-3.1.6.dist-info'...
Listing '.\\.venv\\Lib\\site-packages\\jinja2-3.1.6.dist-info\\licenses'...
Listing '.\\.venv\\Lib\\site-packages\\jinja2_humanize_extension'...
Listing '.\\.venv\\Lib\\site-packages\\jinja2_humanize_extension-0.4.0.dist-info'...
Listing '.\\.venv\\Lib\\site-packages\\jsonpatch-1.33.dist-info'...
Listing '.\\.venv\\Lib\\site-packages\\jsonpointer-3.1.1.dist-info'...
Listing '.\\.venv\\Lib\\site-packages\\jsonpointer-3.1.1.dist-info\\licenses'...
Listing '.\\.venv\\Lib\\site-packages\\jsonschema'...
Listing '.\\.venv\\Lib\\site-packages\\jsonschema\\benchmarks'...
Listing '.\\.venv\\Lib\\site-packages\\jsonschema\\benchmarks\\issue232'...
Listing '.\\.venv\\Lib\\site-packages\\jsonschema\\tests'...
Listing '.\\.venv\\Lib\\site-packages\\jsonschema\\tests\\typing'...
Listing '.\\.venv\\Lib\\site-packages\\jsonschema-4.26.0.dist-info'...
Listing '.\\.venv\\Lib\\site-packages\\jsonschema-4.26.0.dist-info\\licenses'...
Listing '.\\.venv\\Lib\\site-packages\\jsonschema_specifications'...
Listing '.\\.venv\\Lib\\site-packages\\jsonschema_specifications\\schemas'...
Listing '.\\.venv\\Lib\\site-packages\\jsonschema_specifications\\schemas\\draft201909'...
Listing '.\\.venv\\Lib\\site-packages\\jsonschema_specifications\\schemas\\draft201909\\vocabularies'...
Listing '.\\.venv\\Lib\\site-packages\\jsonschema_specifications\\schemas\\draft202012'...
Listing '.\\.venv\\Lib\\site-packages\\jsonschema_specifications\\schemas\\draft202012\\vocabularies'...
Listing '.\\.venv\\Lib\\site-packages\\jsonschema_specifications\\schemas\\draft3'...
Listing '.\\.venv\\Lib\\site-packages\\jsonschema_specifications\\schemas\\draft4'...
Listing '.\\.venv\\Lib\\site-packages\\jsonschema_specifications\\schemas\\draft6'...
Listing '.\\.venv\\Lib\\site-packages\\jsonschema_specifications\\schemas\\draft7'...
Listing '.\\.venv\\Lib\\site-packages\\jsonschema_specifications\\tests'...
Listing '.\\.venv\\Lib\\site-packages\\jsonschema_specifications-2025.9.1.dist-info'...
Listing '.\\.venv\\Lib\\site-packages\\jsonschema_specifications-2025.9.1.dist-info\\licenses'...
Listing '.\\.venv\\Lib\\site-packages\\kubernetes'...
Listing '.\\.venv\\Lib\\site-packages\\kubernetes\\client'...
Listing '.\\.venv\\Lib\\site-packages\\kubernetes\\client\\api'...
Listing '.\\.venv\\Lib\\site-packages\\kubernetes\\client\\apis'...
Listing '.\\.venv\\Lib\\site-packages\\kubernetes\\client\\models'...
Listing '.\\.venv\\Lib\\site-packages\\kubernetes\\config'...
Listing '.\\.venv\\Lib\\site-packages\\kubernetes\\dynamic'...
Listing '.\\.venv\\Lib\\site-packages\\kubernetes\\leaderelection'...
Listing '.\\.venv\\Lib\\site-packages\\kubernetes\\leaderelection\\resourcelock'...
Listing '.\\.venv\\Lib\\site-packages\\kubernetes\\stream'...
Listing '.\\.venv\\Lib\\site-packages\\kubernetes\\utils'...
Listing '.\\.venv\\Lib\\site-packages\\kubernetes\\watch'...
Listing '.\\.venv\\Lib\\site-packages\\kubernetes-31.0.0.dist-info'...
Listing '.\\.venv\\Lib\\site-packages\\mako'...
Listing '.\\.venv\\Lib\\site-packages\\mako\\ext'...
Listing '.\\.venv\\Lib\\site-packages\\mako\\testing'...
Listing '.\\.venv\\Lib\\site-packages\\mako-1.3.12.dist-info'...
Listing '.\\.venv\\Lib\\site-packages\\mako-1.3.12.dist-info\\licenses'...
Listing '.\\.venv\\Lib\\site-packages\\markdown'...
Listing '.\\.venv\\Lib\\site-packages\\markdown\\extensions'...
Listing '.\\.venv\\Lib\\site-packages\\markdown-3.10.2.dist-info'...
Listing '.\\.venv\\Lib\\site-packages\\markdown-3.10.2.dist-info\\licenses'...
Listing '.\\.venv\\Lib\\site-packages\\markdown_it'...
Listing '.\\.venv\\Lib\\site-packages\\markdown_it\\cli'...
Listing '.\\.venv\\Lib\\site-packages\\markdown_it\\common'...
Listing '.\\.venv\\Lib\\site-packages\\markdown_it\\helpers'...
Listing '.\\.venv\\Lib\\site-packages\\markdown_it\\presets'...
Listing '.\\.venv\\Lib\\site-packages\\markdown_it\\rules_block'...
Listing '.\\.venv\\Lib\\site-packages\\markdown_it\\rules_core'...
Listing '.\\.venv\\Lib\\site-packages\\markdown_it\\rules_inline'...
Listing '.\\.venv\\Lib\\site-packages\\markdown_it_py-4.2.0.dist-info'...
Listing '.\\.venv\\Lib\\site-packages\\markdown_it_py-4.2.0.dist-info\\licenses'...
Listing '.\\.venv\\Lib\\site-packages\\markupsafe'...
Listing '.\\.venv\\Lib\\site-packages\\markupsafe-3.0.3.dist-info'...
Listing '.\\.venv\\Lib\\site-packages\\markupsafe-3.0.3.dist-info\\licenses'...
Listing '.\\.venv\\Lib\\site-packages\\mcp'...
Listing '.\\.venv\\Lib\\site-packages\\mcp\\cli'...
Listing '.\\.venv\\Lib\\site-packages\\mcp\\client'...
Listing '.\\.venv\\Lib\\site-packages\\mcp\\client\\stdio'...
Listing '.\\.venv\\Lib\\site-packages\\mcp\\os'...
Listing '.\\.venv\\Lib\\site-packages\\mcp\\os\\posix'...
Listing '.\\.venv\\Lib\\site-packages\\mcp\\os\\win32'...
Listing '.\\.venv\\Lib\\site-packages\\mcp\\server'...
Listing '.\\.venv\\Lib\\site-packages\\mcp\\server\\auth'...
Listing '.\\.venv\\Lib\\site-packages\\mcp\\server\\auth\\handlers'...
Listing '.\\.venv\\Lib\\site-packages\\mcp\\server\\auth\\middleware'...
Listing '.\\.venv\\Lib\\site-packages\\mcp\\server\\fastmcp'...
Listing '.\\.venv\\Lib\\site-packages\\mcp\\server\\fastmcp\\prompts'...
Listing '.\\.venv\\Lib\\site-packages\\mcp\\server\\fastmcp\\resources'...
Listing '.\\.venv\\Lib\\site-packages\\mcp\\server\\fastmcp\\tools'...
Listing '.\\.venv\\Lib\\site-packages\\mcp\\server\\fastmcp\\utilities'...
Listing '.\\.venv\\Lib\\site-packages\\mcp\\server\\lowlevel'...
Listing '.\\.venv\\Lib\\site-packages\\mcp\\shared'...
Listing '.\\.venv\\Lib\\site-packages\\mcp-1.12.4.dist-info'...
Listing '.\\.venv\\Lib\\site-packages\\mcp-1.12.4.dist-info\\licenses'...
Listing '.\\.venv\\Lib\\site-packages\\mdurl'...
Listing '.\\.venv\\Lib\\site-packages\\mdurl-0.1.2.dist-info'...
Listing '.\\.venv\\Lib\\site-packages\\multipart'...
Listing '.\\.venv\\Lib\\site-packages\\oauthlib'...
Listing '.\\.venv\\Lib\\site-packages\\oauthlib\\oauth1'...
Listing '.\\.venv\\Lib\\site-packages\\oauthlib\\oauth1\\rfc5849'...
Listing '.\\.venv\\Lib\\site-packages\\oauthlib\\oauth1\\rfc5849\\endpoints'...
Listing '.\\.venv\\Lib\\site-packages\\oauthlib\\oauth2'...
Listing '.\\.venv\\Lib\\site-packages\\oauthlib\\oauth2\\rfc6749'...
Listing '.\\.venv\\Lib\\site-packages\\oauthlib\\oauth2\\rfc6749\\clients'...
Listing '.\\.venv\\Lib\\site-packages\\oauthlib\\oauth2\\rfc6749\\endpoints'...
Listing '.\\.venv\\Lib\\site-packages\\oauthlib\\oauth2\\rfc6749\\grant_types'...
Listing '.\\.venv\\Lib\\site-packages\\oauthlib\\oauth2\\rfc8628'...
Listing '.\\.venv\\Lib\\site-packages\\oauthlib\\oauth2\\rfc8628\\clients'...
Listing '.\\.venv\\Lib\\site-packages\\oauthlib\\oauth2\\rfc8628\\endpoints'...
Listing '.\\.venv\\Lib\\site-packages\\oauthlib\\oauth2\\rfc8628\\grant_types'...
Listing '.\\.venv\\Lib\\site-packages\\oauthlib\\openid'...
Listing '.\\.venv\\Lib\\site-packages\\oauthlib\\openid\\connect'...
Listing '.\\.venv\\Lib\\site-packages\\oauthlib\\openid\\connect\\core'...
Listing '.\\.venv\\Lib\\site-packages\\oauthlib\\openid\\connect\\core\\endpoints'...
Listing '.\\.venv\\Lib\\site-packages\\oauthlib\\openid\\connect\\core\\grant_types'...
Listing '.\\.venv\\Lib\\site-packages\\oauthlib-3.3.1.dist-info'...
Listing '.\\.venv\\Lib\\site-packages\\oauthlib-3.3.1.dist-info\\licenses'...
Listing '.\\.venv\\Lib\\site-packages\\orjson'...
Listing '.\\.venv\\Lib\\site-packages\\orjson-3.11.9.dist-info'...
Listing '.\\.venv\\Lib\\site-packages\\orjson-3.11.9.dist-info\\licenses'...
Listing '.\\.venv\\Lib\\site-packages\\orjson-3.11.9.dist-info\\sboms'...
Listing '.\\.venv\\Lib\\site-packages\\packaging'...
Listing '.\\.venv\\Lib\\site-packages\\packaging\\licenses'...
Listing '.\\.venv\\Lib\\site-packages\\packaging-25.0.dist-info'...
Listing '.\\.venv\\Lib\\site-packages\\packaging-25.0.dist-info\\licenses'...
Listing '.\\.venv\\Lib\\site-packages\\pathspec'...
Listing '.\\.venv\\Lib\\site-packages\\pathspec\\_backends'...
Listing '.\\.venv\\Lib\\site-packages\\pathspec\\_backends\\hyperscan'...
Listing '.\\.venv\\Lib\\site-packages\\pathspec\\_backends\\re2'...
Listing '.\\.venv\\Lib\\site-packages\\pathspec\\_backends\\simple'...
Listing '.\\.venv\\Lib\\site-packages\\pathspec\\patterns'...
Listing '.\\.venv\\Lib\\site-packages\\pathspec\\patterns\\gitignore'...
Listing '.\\.venv\\Lib\\site-packages\\pathspec-1.1.1.dist-info'...
Listing '.\\.venv\\Lib\\site-packages\\pathspec-1.1.1.dist-info\\licenses'...
Listing '.\\.venv\\Lib\\site-packages\\pendulum'...
Listing '.\\.venv\\Lib\\site-packages\\pendulum\\formatting'...
Listing '.\\.venv\\Lib\\site-packages\\pendulum\\locales'...
Listing '.\\.venv\\Lib\\site-packages\\pendulum\\locales\\bg'...
Listing '.\\.venv\\Lib\\site-packages\\pendulum\\locales\\cs'...
Listing '.\\.venv\\Lib\\site-packages\\pendulum\\locales\\da'...
Listing '.\\.venv\\Lib\\site-packages\\pendulum\\locales\\de'...
Listing '.\\.venv\\Lib\\site-packages\\pendulum\\locales\\en'...
Listing '.\\.venv\\Lib\\site-packages\\pendulum\\locales\\en_gb'...
Listing '.\\.venv\\Lib\\site-packages\\pendulum\\locales\\en_us'...
Listing '.\\.venv\\Lib\\site-packages\\pendulum\\locales\\es'...
Listing '.\\.venv\\Lib\\site-packages\\pendulum\\locales\\fa'...
Listing '.\\.venv\\Lib\\site-packages\\pendulum\\locales\\fo'...
Listing '.\\.venv\\Lib\\site-packages\\pendulum\\locales\\fr'...
Listing '.\\.venv\\Lib\\site-packages\\pendulum\\locales\\he'...
Listing '.\\.venv\\Lib\\site-packages\\pendulum\\locales\\hi'...
Listing '.\\.venv\\Lib\\site-packages\\pendulum\\locales\\id'...
Listing '.\\.venv\\Lib\\site-packages\\pendulum\\locales\\it'...
Listing '.\\.venv\\Lib\\site-packages\\pendulum\\locales\\ja'...
Listing '.\\.venv\\Lib\\site-packages\\pendulum\\locales\\ko'...
Listing '.\\.venv\\Lib\\site-packages\\pendulum\\locales\\lt'...
Listing '.\\.venv\\Lib\\site-packages\\pendulum\\locales\\nb'...
Listing '.\\.venv\\Lib\\site-packages\\pendulum\\locales\\nl'...
Listing '.\\.venv\\Lib\\site-packages\\pendulum\\locales\\nn'...
Listing '.\\.venv\\Lib\\site-packages\\pendulum\\locales\\pl'...
Listing '.\\.venv\\Lib\\site-packages\\pendulum\\locales\\pt_br'...
Listing '.\\.venv\\Lib\\site-packages\\pendulum\\locales\\ru'...
Listing '.\\.venv\\Lib\\site-packages\\pendulum\\locales\\sk'...
Listing '.\\.venv\\Lib\\site-packages\\pendulum\\locales\\sv'...
Listing '.\\.venv\\Lib\\site-packages\\pendulum\\locales\\tr'...
Listing '.\\.venv\\Lib\\site-packages\\pendulum\\locales\\ua'...
Listing '.\\.venv\\Lib\\site-packages\\pendulum\\locales\\zh'...
Listing '.\\.venv\\Lib\\site-packages\\pendulum\\mixins'...
Listing '.\\.venv\\Lib\\site-packages\\pendulum\\parsing'...
Listing '.\\.venv\\Lib\\site-packages\\pendulum\\parsing\\exceptions'...
Listing '.\\.venv\\Lib\\site-packages\\pendulum\\testing'...
Listing '.\\.venv\\Lib\\site-packages\\pendulum\\tz'...
Listing '.\\.venv\\Lib\\site-packages\\pendulum\\tz\\data'...
Listing '.\\.venv\\Lib\\site-packages\\pendulum\\utils'...
Listing '.\\.venv\\Lib\\site-packages\\pendulum-3.2.0.dist-info'...
Listing '.\\.venv\\Lib\\site-packages\\pendulum-3.2.0.dist-info\\licenses'...
Listing '.\\.venv\\Lib\\site-packages\\pip'...
Listing '.\\.venv\\Lib\\site-packages\\pip\\_internal'...
Listing '.\\.venv\\Lib\\site-packages\\pip\\_internal\\cli'...
Listing '.\\.venv\\Lib\\site-packages\\pip\\_internal\\commands'...
Listing '.\\.venv\\Lib\\site-packages\\pip\\_internal\\distributions'...
Listing '.\\.venv\\Lib\\site-packages\\pip\\_internal\\index'...
Listing '.\\.venv\\Lib\\site-packages\\pip\\_internal\\locations'...
Listing '.\\.venv\\Lib\\site-packages\\pip\\_internal\\metadata'...
Listing '.\\.venv\\Lib\\site-packages\\pip\\_internal\\metadata\\importlib'...
Listing '.\\.venv\\Lib\\site-packages\\pip\\_internal\\models'...
Listing '.\\.venv\\Lib\\site-packages\\pip\\_internal\\network'...
Listing '.\\.venv\\Lib\\site-packages\\pip\\_internal\\operations'...
Listing '.\\.venv\\Lib\\site-packages\\pip\\_internal\\operations\\build'...
Listing '.\\.venv\\Lib\\site-packages\\pip\\_internal\\operations\\install'...
Listing '.\\.venv\\Lib\\site-packages\\pip\\_internal\\req'...
Listing '.\\.venv\\Lib\\site-packages\\pip\\_internal\\resolution'...
Listing '.\\.venv\\Lib\\site-packages\\pip\\_internal\\resolution\\legacy'...
Listing '.\\.venv\\Lib\\site-packages\\pip\\_internal\\resolution\\resolvelib'...
Listing '.\\.venv\\Lib\\site-packages\\pip\\_internal\\utils'...
Listing '.\\.venv\\Lib\\site-packages\\pip\\_internal\\vcs'...
Listing '.\\.venv\\Lib\\site-packages\\pip\\_vendor'...
Listing '.\\.venv\\Lib\\site-packages\\pip\\_vendor\\cachecontrol'...
Listing '.\\.venv\\Lib\\site-packages\\pip\\_vendor\\cachecontrol\\caches'...
Listing '.\\.venv\\Lib\\site-packages\\pip\\_vendor\\certifi'...
Listing '.\\.venv\\Lib\\site-packages\\pip\\_vendor\\distlib'...
Listing '.\\.venv\\Lib\\site-packages\\pip\\_vendor\\distro'...
Listing '.\\.venv\\Lib\\site-packages\\pip\\_vendor\\idna'...
Listing '.\\.venv\\Lib\\site-packages\\pip\\_vendor\\msgpack'...
Listing '.\\.venv\\Lib\\site-packages\\pip\\_vendor\\packaging'...
Listing '.\\.venv\\Lib\\site-packages\\pip\\_vendor\\packaging\\licenses'...
Listing '.\\.venv\\Lib\\site-packages\\pip\\_vendor\\pkg_resources'...
Listing '.\\.venv\\Lib\\site-packages\\pip\\_vendor\\platformdirs'...
Listing '.\\.venv\\Lib\\site-packages\\pip\\_vendor\\pygments'...
Listing '.\\.venv\\Lib\\site-packages\\pip\\_vendor\\pygments\\filters'...
Listing '.\\.venv\\Lib\\site-packages\\pip\\_vendor\\pygments\\formatters'...
Listing '.\\.venv\\Lib\\site-packages\\pip\\_vendor\\pygments\\lexers'...
Listing '.\\.venv\\Lib\\site-packages\\pip\\_vendor\\pygments\\styles'...
Listing '.\\.venv\\Lib\\site-packages\\pip\\_vendor\\pyproject_hooks'...
Listing '.\\.venv\\Lib\\site-packages\\pip\\_vendor\\pyproject_hooks\\_in_process'...
Listing '.\\.venv\\Lib\\site-packages\\pip\\_vendor\\requests'...
Listing '.\\.venv\\Lib\\site-packages\\pip\\_vendor\\resolvelib'...
Listing '.\\.venv\\Lib\\site-packages\\pip\\_vendor\\resolvelib\\compat'...
Listing '.\\.venv\\Lib\\site-packages\\pip\\_vendor\\rich'...
Listing '.\\.venv\\Lib\\site-packages\\pip\\_vendor\\tomli'...
Listing '.\\.venv\\Lib\\site-packages\\pip\\_vendor\\truststore'...
Listing '.\\.venv\\Lib\\site-packages\\pip\\_vendor\\urllib3'...
Listing '.\\.venv\\Lib\\site-packages\\pip\\_vendor\\urllib3\\contrib'...
Listing '.\\.venv\\Lib\\site-packages\\pip\\_vendor\\urllib3\\contrib\\_securetransport'...
Listing '.\\.venv\\Lib\\site-packages\\pip\\_vendor\\urllib3\\packages'...
Listing '.\\.venv\\Lib\\site-packages\\pip\\_vendor\\urllib3\\packages\\backports'...
Listing '.\\.venv\\Lib\\site-packages\\pip\\_vendor\\urllib3\\util'...
Listing '.\\.venv\\Lib\\site-packages\\pip-25.0.1.dist-info'...
Listing '.\\.venv\\Lib\\site-packages\\pluggy'...
Listing '.\\.venv\\Lib\\site-packages\\pluggy-1.6.0.dist-info'...
Listing '.\\.venv\\Lib\\site-packages\\pluggy-1.6.0.dist-info\\licenses'...
Listing '.\\.venv\\Lib\\site-packages\\prefect'...
Listing '.\\.venv\\Lib\\site-packages\\prefect\\_internal'...
Listing '.\\.venv\\Lib\\site-packages\\prefect\\_internal\\compatibility'...
Listing '.\\.venv\\Lib\\site-packages\\prefect\\_internal\\concurrency'...
Listing '.\\.venv\\Lib\\site-packages\\prefect\\_internal\\pydantic'...
Listing '.\\.venv\\Lib\\site-packages\\prefect\\_internal\\pydantic\\annotations'...
Listing '.\\.venv\\Lib\\site-packages\\prefect\\_internal\\pydantic\\utilities'...
Listing '.\\.venv\\Lib\\site-packages\\prefect\\_internal\\schemas'...
Listing '.\\.venv\\Lib\\site-packages\\prefect\\_vendor'...
Listing '.\\.venv\\Lib\\site-packages\\prefect\\_vendor\\fastapi'...
Listing '.\\.venv\\Lib\\site-packages\\prefect\\_vendor\\fastapi\\dependencies'...
Listing '.\\.venv\\Lib\\site-packages\\prefect\\_vendor\\fastapi\\middleware'...
Listing '.\\.venv\\Lib\\site-packages\\prefect\\_vendor\\fastapi\\openapi'...
Listing '.\\.venv\\Lib\\site-packages\\prefect\\_vendor\\fastapi\\security'...
Listing '.\\.venv\\Lib\\site-packages\\prefect\\_vendor\\starlette'...
Listing '.\\.venv\\Lib\\site-packages\\prefect\\_vendor\\starlette\\middleware'...
Listing '.\\.venv\\Lib\\site-packages\\prefect\\blocks'...
Listing '.\\.venv\\Lib\\site-packages\\prefect\\cli'...
Listing '.\\.venv\\Lib\\site-packages\\prefect\\cli\\cloud'...
Listing '.\\.venv\\Lib\\site-packages\\prefect\\cli\\templates'...
Listing '.\\.venv\\Lib\\site-packages\\prefect\\client'...
Listing '.\\.venv\\Lib\\site-packages\\prefect\\client\\schemas'...
Listing '.\\.venv\\Lib\\site-packages\\prefect\\concurrency'...
Listing '.\\.venv\\Lib\\site-packages\\prefect\\deployments'...
Listing '.\\.venv\\Lib\\site-packages\\prefect\\deployments\\recipes'...
Listing '.\\.venv\\Lib\\site-packages\\prefect\\deployments\\recipes\\azure'...
Listing '.\\.venv\\Lib\\site-packages\\prefect\\deployments\\recipes\\docker'...
Listing '.\\.venv\\Lib\\site-packages\\prefect\\deployments\\recipes\\docker-azure'...
Listing '.\\.venv\\Lib\\site-packages\\prefect\\deployments\\recipes\\docker-gcs'...
Listing '.\\.venv\\Lib\\site-packages\\prefect\\deployments\\recipes\\docker-git'...
Listing '.\\.venv\\Lib\\site-packages\\prefect\\deployments\\recipes\\docker-s3'...
Listing '.\\.venv\\Lib\\site-packages\\prefect\\deployments\\recipes\\gcs'...
Listing '.\\.venv\\Lib\\site-packages\\prefect\\deployments\\recipes\\git'...
Listing '.\\.venv\\Lib\\site-packages\\prefect\\deployments\\recipes\\local'...
Listing '.\\.venv\\Lib\\site-packages\\prefect\\deployments\\recipes\\s3'...
Listing '.\\.venv\\Lib\\site-packages\\prefect\\deployments\\steps'...
Listing '.\\.venv\\Lib\\site-packages\\prefect\\deployments\\templates'...
Listing '.\\.venv\\Lib\\site-packages\\prefect\\deprecated'...
Listing '.\\.venv\\Lib\\site-packages\\prefect\\deprecated\\packaging'...
Listing '.\\.venv\\Lib\\site-packages\\prefect\\events'...
Listing '.\\.venv\\Lib\\site-packages\\prefect\\events\\cli'...
Listing '.\\.venv\\Lib\\site-packages\\prefect\\events\\schemas'...
Listing '.\\.venv\\Lib\\site-packages\\prefect\\infrastructure'...
Listing '.\\.venv\\Lib\\site-packages\\prefect\\infrastructure\\provisioners'...
Listing '.\\.venv\\Lib\\site-packages\\prefect\\input'...
Listing '.\\.venv\\Lib\\site-packages\\prefect\\logging'...
Listing '.\\.venv\\Lib\\site-packages\\prefect\\pydantic'...
Listing '.\\.venv\\Lib\\site-packages\\prefect\\runner'...
Listing '.\\.venv\\Lib\\site-packages\\prefect\\runtime'...
Listing '.\\.venv\\Lib\\site-packages\\prefect\\server'...
Listing '.\\.venv\\Lib\\site-packages\\prefect\\server\\api'...
Listing '.\\.venv\\Lib\\site-packages\\prefect\\server\\api\\collections_data'...
Listing '.\\.venv\\Lib\\site-packages\\prefect\\server\\api\\collections_data\\views'...
Listing '.\\.venv\\Lib\\site-packages\\prefect\\server\\api\\static'...
Listing '.\\.venv\\Lib\\site-packages\\prefect\\server\\api\\ui'...
Listing '.\\.venv\\Lib\\site-packages\\prefect\\server\\database'...
Listing '.\\.venv\\Lib\\site-packages\\prefect\\server\\database\\migrations'...
Listing '.\\.venv\\Lib\\site-packages\\prefect\\server\\database\\migrations\\versions'...
Listing '.\\.venv\\Lib\\site-packages\\prefect\\server\\database\\migrations\\versions\\postgresql'...
Listing '.\\.venv\\Lib\\site-packages\\prefect\\server\\database\\migrations\\versions\\sqlite'...
Listing '.\\.venv\\Lib\\site-packages\\prefect\\server\\database\\sql'...
Listing '.\\.venv\\Lib\\site-packages\\prefect\\server\\database\\sql\\postgres'...
Listing '.\\.venv\\Lib\\site-packages\\prefect\\server\\database\\sql\\sqlite'...
Listing '.\\.venv\\Lib\\site-packages\\prefect\\server\\events'...
Listing '.\\.venv\\Lib\\site-packages\\prefect\\server\\events\\models'...
Listing '.\\.venv\\Lib\\site-packages\\prefect\\server\\events\\schemas'...
Listing '.\\.venv\\Lib\\site-packages\\prefect\\server\\events\\services'...
Listing '.\\.venv\\Lib\\site-packages\\prefect\\server\\events\\storage'...
Listing '.\\.venv\\Lib\\site-packages\\prefect\\server\\models'...
Listing '.\\.venv\\Lib\\site-packages\\prefect\\server\\orchestration'...
Listing '.\\.venv\\Lib\\site-packages\\prefect\\server\\schemas'...
Listing '.\\.venv\\Lib\\site-packages\\prefect\\server\\services'...
Listing '.\\.venv\\Lib\\site-packages\\prefect\\server\\ui'...
Listing '.\\.venv\\Lib\\site-packages\\prefect\\server\\ui\\assets'...
Listing '.\\.venv\\Lib\\site-packages\\prefect\\server\\ui\\ico'...
Listing '.\\.venv\\Lib\\site-packages\\prefect\\server\\utilities'...
Listing '.\\.venv\\Lib\\site-packages\\prefect\\server\\utilities\\messaging'...
Listing '.\\.venv\\Lib\\site-packages\\prefect\\server\\utilities\\schemas'...
Listing '.\\.venv\\Lib\\site-packages\\prefect\\software'...
Listing '.\\.venv\\Lib\\site-packages\\prefect\\testing'...
Listing '.\\.venv\\Lib\\site-packages\\prefect\\testing\\standard_test_suites'...
Listing '.\\.venv\\Lib\\site-packages\\prefect\\types'...
Listing '.\\.venv\\Lib\\site-packages\\prefect\\utilities'...
Listing '.\\.venv\\Lib\\site-packages\\prefect\\utilities\\schema_tools'...
Listing '.\\.venv\\Lib\\site-packages\\prefect\\workers'...
Listing '.\\.venv\\Lib\\site-packages\\prefect-2.20.25.dist-info'...
Listing '.\\.venv\\Lib\\site-packages\\prometheus_client'...
Listing '.\\.venv\\Lib\\site-packages\\prometheus_client\\bridge'...
Listing '.\\.venv\\Lib\\site-packages\\prometheus_client\\openmetrics'...
Listing '.\\.venv\\Lib\\site-packages\\prometheus_client\\twisted'...
Listing '.\\.venv\\Lib\\site-packages\\prometheus_client-0.20.0.dist-info'...
Listing '.\\.venv\\Lib\\site-packages\\pyasn1'...
Listing '.\\.venv\\Lib\\site-packages\\pyasn1\\codec'...
Listing '.\\.venv\\Lib\\site-packages\\pyasn1\\codec\\ber'...
Listing '.\\.venv\\Lib\\site-packages\\pyasn1\\codec\\cer'...
Listing '.\\.venv\\Lib\\site-packages\\pyasn1\\codec\\der'...
Listing '.\\.venv\\Lib\\site-packages\\pyasn1\\codec\\native'...
Listing '.\\.venv\\Lib\\site-packages\\pyasn1\\compat'...
Listing '.\\.venv\\Lib\\site-packages\\pyasn1\\type'...
Listing '.\\.venv\\Lib\\site-packages\\pyasn1-0.6.3.dist-info'...
Listing '.\\.venv\\Lib\\site-packages\\pyasn1-0.6.3.dist-info\\licenses'...
Listing '.\\.venv\\Lib\\site-packages\\pyasn1_modules'...
Listing '.\\.venv\\Lib\\site-packages\\pyasn1_modules-0.4.2.dist-info'...
Listing '.\\.venv\\Lib\\site-packages\\pyasn1_modules-0.4.2.dist-info\\licenses'...
Listing '.\\.venv\\Lib\\site-packages\\pycparser'...
Listing '.\\.venv\\Lib\\site-packages\\pycparser-3.0.dist-info'...
Listing '.\\.venv\\Lib\\site-packages\\pycparser-3.0.dist-info\\licenses'...
Listing '.\\.venv\\Lib\\site-packages\\pydantic'...
Listing '.\\.venv\\Lib\\site-packages\\pydantic\\_internal'...
Listing '.\\.venv\\Lib\\site-packages\\pydantic\\deprecated'...
Listing '.\\.venv\\Lib\\site-packages\\pydantic\\experimental'...
Listing '.\\.venv\\Lib\\site-packages\\pydantic\\plugin'...
Listing '.\\.venv\\Lib\\site-packages\\pydantic\\v1'...
Listing '.\\.venv\\Lib\\site-packages\\pydantic-2.13.4.dist-info'...
Listing '.\\.venv\\Lib\\site-packages\\pydantic-2.13.4.dist-info\\licenses'...
Listing '.\\.venv\\Lib\\site-packages\\pydantic_core'...
Listing '.\\.venv\\Lib\\site-packages\\pydantic_core-2.46.4.dist-info'...
Listing '.\\.venv\\Lib\\site-packages\\pydantic_core-2.46.4.dist-info\\licenses'...
Listing '.\\.venv\\Lib\\site-packages\\pydantic_core-2.46.4.dist-info\\sboms'...
Listing '.\\.venv\\Lib\\site-packages\\pydantic_settings'...
Listing '.\\.venv\\Lib\\site-packages\\pydantic_settings\\sources'...
Listing '.\\.venv\\Lib\\site-packages\\pydantic_settings\\sources\\providers'...
Listing '.\\.venv\\Lib\\site-packages\\pydantic_settings-2.14.2.dist-info'...
Listing '.\\.venv\\Lib\\site-packages\\pydantic_settings-2.14.2.dist-info\\licenses'...
Listing '.\\.venv\\Lib\\site-packages\\pygments'...
Listing '.\\.venv\\Lib\\site-packages\\pygments\\filters'...
Listing '.\\.venv\\Lib\\site-packages\\pygments\\formatters'...
Listing '.\\.venv\\Lib\\site-packages\\pygments\\lexers'...
Listing '.\\.venv\\Lib\\site-packages\\pygments\\styles'...
Listing '.\\.venv\\Lib\\site-packages\\pygments-2.20.0.dist-info'...
Listing '.\\.venv\\Lib\\site-packages\\pygments-2.20.0.dist-info\\licenses'...
Listing '.\\.venv\\Lib\\site-packages\\pytest'...
Listing '.\\.venv\\Lib\\site-packages\\pytest-9.1.1.dist-info'...
Listing '.\\.venv\\Lib\\site-packages\\pytest-9.1.1.dist-info\\licenses'...
Listing '.\\.venv\\Lib\\site-packages\\python_dateutil-2.9.0.post0.dist-info'...
Listing '.\\.venv\\Lib\\site-packages\\python_dotenv-1.2.2.dist-info'...
Listing '.\\.venv\\Lib\\site-packages\\python_dotenv-1.2.2.dist-info\\licenses'...
Listing '.\\.venv\\Lib\\site-packages\\python_multipart'...
Listing '.\\.venv\\Lib\\site-packages\\python_multipart-0.0.32.dist-info'...
Listing '.\\.venv\\Lib\\site-packages\\python_multipart-0.0.32.dist-info\\licenses'...
Listing '.\\.venv\\Lib\\site-packages\\python_slugify-8.0.4.dist-info'...
Listing '.\\.venv\\Lib\\site-packages\\pythonwin'...
Listing '.\\.venv\\Lib\\site-packages\\pythonwin\\pywin'...
Listing '.\\.venv\\Lib\\site-packages\\pythonwin\\pywin\\Demos'...
Listing '.\\.venv\\Lib\\site-packages\\pythonwin\\pywin\\Demos\\app'...
Listing '.\\.venv\\Lib\\site-packages\\pythonwin\\pywin\\Demos\\ocx'...
Listing '.\\.venv\\Lib\\site-packages\\pythonwin\\pywin\\debugger'...
Listing '.\\.venv\\Lib\\site-packages\\pythonwin\\pywin\\dialogs'...
Listing '.\\.venv\\Lib\\site-packages\\pythonwin\\pywin\\docking'...
Listing '.\\.venv\\Lib\\site-packages\\pythonwin\\pywin\\framework'...
Listing '.\\.venv\\Lib\\site-packages\\pythonwin\\pywin\\framework\\editor'...
Listing '.\\.venv\\Lib\\site-packages\\pythonwin\\pywin\\framework\\editor\\color'...
Listing '.\\.venv\\Lib\\site-packages\\pythonwin\\pywin\\idle'...
Listing '.\\.venv\\Lib\\site-packages\\pythonwin\\pywin\\mfc'...
Listing '.\\.venv\\Lib\\site-packages\\pythonwin\\pywin\\scintilla'...
Listing '.\\.venv\\Lib\\site-packages\\pythonwin\\pywin\\tools'...
Listing '.\\.venv\\Lib\\site-packages\\pytz'...
Listing '.\\.venv\\Lib\\site-packages\\pytz\\zoneinfo'...
Listing '.\\.venv\\Lib\\site-packages\\pytz\\zoneinfo\\Africa'...
Listing '.\\.venv\\Lib\\site-packages\\pytz\\zoneinfo\\America'...
Listing '.\\.venv\\Lib\\site-packages\\pytz\\zoneinfo\\America\\Argentina'...
Listing '.\\.venv\\Lib\\site-packages\\pytz\\zoneinfo\\America\\Indiana'...
Listing '.\\.venv\\Lib\\site-packages\\pytz\\zoneinfo\\America\\Kentucky'...
Listing '.\\.venv\\Lib\\site-packages\\pytz\\zoneinfo\\America\\North_Dakota'...
Listing '.\\.venv\\Lib\\site-packages\\pytz\\zoneinfo\\Antarctica'...
Listing '.\\.venv\\Lib\\site-packages\\pytz\\zoneinfo\\Arctic'...
Listing '.\\.venv\\Lib\\site-packages\\pytz\\zoneinfo\\Asia'...
Listing '.\\.venv\\Lib\\site-packages\\pytz\\zoneinfo\\Atlantic'...
Listing '.\\.venv\\Lib\\site-packages\\pytz\\zoneinfo\\Australia'...
Listing '.\\.venv\\Lib\\site-packages\\pytz\\zoneinfo\\Brazil'...
Listing '.\\.venv\\Lib\\site-packages\\pytz\\zoneinfo\\Canada'...
Listing '.\\.venv\\Lib\\site-packages\\pytz\\zoneinfo\\Chile'...
Listing '.\\.venv\\Lib\\site-packages\\pytz\\zoneinfo\\Etc'...
Listing '.\\.venv\\Lib\\site-packages\\pytz\\zoneinfo\\Europe'...
Listing '.\\.venv\\Lib\\site-packages\\pytz\\zoneinfo\\Indian'...
Listing '.\\.venv\\Lib\\site-packages\\pytz\\zoneinfo\\Mexico'...
Listing '.\\.venv\\Lib\\site-packages\\pytz\\zoneinfo\\Pacific'...
Listing '.\\.venv\\Lib\\site-packages\\pytz\\zoneinfo\\US'...
Listing '.\\.venv\\Lib\\site-packages\\pytz-2025.2.dist-info'...
Listing '.\\.venv\\Lib\\site-packages\\pywin32-312.dist-info'...
Listing '.\\.venv\\Lib\\site-packages\\pywin32-312.dist-info\\licenses'...
Listing '.\\.venv\\Lib\\site-packages\\pywin32-312.dist-info\\licenses\\adodbapi'...
Listing '.\\.venv\\Lib\\site-packages\\pywin32-312.dist-info\\licenses\\com'...
Listing '.\\.venv\\Lib\\site-packages\\pywin32-312.dist-info\\licenses\\com\\win32comext'...
Listing '.\\.venv\\Lib\\site-packages\\pywin32-312.dist-info\\licenses\\com\\win32comext\\mapi'...
Listing '.\\.venv\\Lib\\site-packages\\pywin32-312.dist-info\\licenses\\com\\win32comext\\mapi\\src'...
Listing '.\\.venv\\Lib\\site-packages\\pywin32-312.dist-info\\licenses\\com\\win32comext\\mapi\\src\\MAPIStubLibrary'...
Listing '.\\.venv\\Lib\\site-packages\\pywin32-312.dist-info\\licenses\\isapi'...
Listing '.\\.venv\\Lib\\site-packages\\pywin32-312.dist-info\\licenses\\pythonwin'...
Listing '.\\.venv\\Lib\\site-packages\\pywin32-312.dist-info\\licenses\\pythonwin\\Scintilla'...
Listing '.\\.venv\\Lib\\site-packages\\pywin32-312.dist-info\\licenses\\pythonwin\\pywin'...
Listing '.\\.venv\\Lib\\site-packages\\pywin32-312.dist-info\\licenses\\pythonwin\\pywin\\idle'...
Listing '.\\.venv\\Lib\\site-packages\\pywin32-312.dist-info\\licenses\\win32'...
Listing '.\\.venv\\Lib\\site-packages\\pywin32_system32'...
Listing '.\\.venv\\Lib\\site-packages\\pyyaml-6.0.1.dist-info'...
Listing '.\\.venv\\Lib\\site-packages\\pyyaml-6.0.1.dist-info\\licenses'...
Listing '.\\.venv\\Lib\\site-packages\\readchar'...
Listing '.\\.venv\\Lib\\site-packages\\readchar-4.2.2.dist-info'...
Listing '.\\.venv\\Lib\\site-packages\\readchar-4.2.2.dist-info\\licenses'...
Listing '.\\.venv\\Lib\\site-packages\\referencing'...
Listing '.\\.venv\\Lib\\site-packages\\referencing\\tests'...
Listing '.\\.venv\\Lib\\site-packages\\referencing-0.37.0.dist-info'...
Listing '.\\.venv\\Lib\\site-packages\\referencing-0.37.0.dist-info\\licenses'...
Listing '.\\.venv\\Lib\\site-packages\\regex'...
Listing '.\\.venv\\Lib\\site-packages\\regex\\tests'...
Listing '.\\.venv\\Lib\\site-packages\\regex-2026.6.28.dist-info'...
Listing '.\\.venv\\Lib\\site-packages\\regex-2026.6.28.dist-info\\licenses'...
Listing '.\\.venv\\Lib\\site-packages\\requests'...
Listing '.\\.venv\\Lib\\site-packages\\requests-2.34.2.dist-info'...
Listing '.\\.venv\\Lib\\site-packages\\requests-2.34.2.dist-info\\licenses'...
Listing '.\\.venv\\Lib\\site-packages\\requests_oauthlib'...
Listing '.\\.venv\\Lib\\site-packages\\requests_oauthlib\\compliance_fixes'...
Listing '.\\.venv\\Lib\\site-packages\\requests_oauthlib-2.0.0.dist-info'...
Listing '.\\.venv\\Lib\\site-packages\\rfc3339_validator-0.1.4.dist-info'...
Listing '.\\.venv\\Lib\\site-packages\\rich'...
Listing '.\\.venv\\Lib\\site-packages\\rich\\_unicode_data'...
Listing '.\\.venv\\Lib\\site-packages\\rich-14.3.4.dist-info'...
Listing '.\\.venv\\Lib\\site-packages\\rich-14.3.4.dist-info\\licenses'...
Listing '.\\.venv\\Lib\\site-packages\\rpds'...
Listing '.\\.venv\\Lib\\site-packages\\rpds_py-2026.6.3.dist-info'...
Listing '.\\.venv\\Lib\\site-packages\\rpds_py-2026.6.3.dist-info\\licenses'...
Listing '.\\.venv\\Lib\\site-packages\\rpds_py-2026.6.3.dist-info\\sboms'...
Listing '.\\.venv\\Lib\\site-packages\\ruamel'...
Listing '.\\.venv\\Lib\\site-packages\\ruamel\\yaml'...
Listing '.\\.venv\\Lib\\site-packages\\ruamel\\yaml\\clibz'...
Listing '.\\.venv\\Lib\\site-packages\\ruamel_yaml-0.19.1.dist-info'...
Listing '.\\.venv\\Lib\\site-packages\\ruamel_yaml-0.19.1.dist-info\\licenses'...
Listing '.\\.venv\\Lib\\site-packages\\shellingham'...
Listing '.\\.venv\\Lib\\site-packages\\shellingham\\posix'...
Listing '.\\.venv\\Lib\\site-packages\\shellingham-1.5.4.dist-info'...
Listing '.\\.venv\\Lib\\site-packages\\six-1.17.0.dist-info'...
Listing '.\\.venv\\Lib\\site-packages\\slugify'...
Listing '.\\.venv\\Lib\\site-packages\\sniffio'...
Listing '.\\.venv\\Lib\\site-packages\\sniffio\\_tests'...
Listing '.\\.venv\\Lib\\site-packages\\sniffio-1.3.1.dist-info'...
Listing '.\\.venv\\Lib\\site-packages\\sqlalchemy'...
Listing '.\\.venv\\Lib\\site-packages\\sqlalchemy\\connectors'...
Listing '.\\.venv\\Lib\\site-packages\\sqlalchemy\\cyextension'...
Listing '.\\.venv\\Lib\\site-packages\\sqlalchemy\\dialects'...
Listing '.\\.venv\\Lib\\site-packages\\sqlalchemy\\dialects\\mssql'...
Listing '.\\.venv\\Lib\\site-packages\\sqlalchemy\\dialects\\mysql'...
Listing '.\\.venv\\Lib\\site-packages\\sqlalchemy\\dialects\\oracle'...
Listing '.\\.venv\\Lib\\site-packages\\sqlalchemy\\dialects\\postgresql'...
Listing '.\\.venv\\Lib\\site-packages\\sqlalchemy\\dialects\\sqlite'...
Listing '.\\.venv\\Lib\\site-packages\\sqlalchemy\\engine'...
Listing '.\\.venv\\Lib\\site-packages\\sqlalchemy\\event'...
Listing '.\\.venv\\Lib\\site-packages\\sqlalchemy\\ext'...
Listing '.\\.venv\\Lib\\site-packages\\sqlalchemy\\ext\\asyncio'...
Listing '.\\.venv\\Lib\\site-packages\\sqlalchemy\\ext\\declarative'...
Listing '.\\.venv\\Lib\\site-packages\\sqlalchemy\\ext\\mypy'...
Listing '.\\.venv\\Lib\\site-packages\\sqlalchemy\\future'...
Listing '.\\.venv\\Lib\\site-packages\\sqlalchemy\\orm'...
Listing '.\\.venv\\Lib\\site-packages\\sqlalchemy\\pool'...
Listing '.\\.venv\\Lib\\site-packages\\sqlalchemy\\sql'...
Listing '.\\.venv\\Lib\\site-packages\\sqlalchemy\\testing'...
Listing '.\\.venv\\Lib\\site-packages\\sqlalchemy\\testing\\fixtures'...
Listing '.\\.venv\\Lib\\site-packages\\sqlalchemy\\testing\\plugin'...
Listing '.\\.venv\\Lib\\site-packages\\sqlalchemy\\testing\\suite'...
Listing '.\\.venv\\Lib\\site-packages\\sqlalchemy\\util'...
Listing '.\\.venv\\Lib\\site-packages\\sse_starlette'...
Listing '.\\.venv\\Lib\\site-packages\\sse_starlette-3.4.5.dist-info'...
Listing '.\\.venv\\Lib\\site-packages\\sse_starlette-3.4.5.dist-info\\licenses'...
Listing '.\\.venv\\Lib\\site-packages\\starlette'...
Listing '.\\.venv\\Lib\\site-packages\\starlette\\middleware'...
Listing '.\\.venv\\Lib\\site-packages\\starlette-1.3.1.dist-info'...
Listing '.\\.venv\\Lib\\site-packages\\starlette-1.3.1.dist-info\\licenses'...
Listing '.\\.venv\\Lib\\site-packages\\text_unidecode'...
Listing '.\\.venv\\Lib\\site-packages\\text_unidecode-1.3.dist-info'...
Listing '.\\.venv\\Lib\\site-packages\\toml'...
Listing '.\\.venv\\Lib\\site-packages\\toml-0.10.2.dist-info'...
Listing '.\\.venv\\Lib\\site-packages\\typer'...
Listing '.\\.venv\\Lib\\site-packages\\typer-0.17.5.dist-info'...
Listing '.\\.venv\\Lib\\site-packages\\typer-0.17.5.dist-info\\licenses'...
Listing '.\\.venv\\Lib\\site-packages\\typing_extensions-4.16.0.dist-info'...
Listing '.\\.venv\\Lib\\site-packages\\typing_extensions-4.16.0.dist-info\\licenses'...
Listing '.\\.venv\\Lib\\site-packages\\typing_inspection'...
Listing '.\\.venv\\Lib\\site-packages\\typing_inspection-0.4.2.dist-info'...
Listing '.\\.venv\\Lib\\site-packages\\typing_inspection-0.4.2.dist-info\\licenses'...
Listing '.\\.venv\\Lib\\site-packages\\tzdata'...
Listing '.\\.venv\\Lib\\site-packages\\tzdata\\zoneinfo'...
Listing '.\\.venv\\Lib\\site-packages\\tzdata\\zoneinfo\\Africa'...
Listing '.\\.venv\\Lib\\site-packages\\tzdata\\zoneinfo\\America'...
Listing '.\\.venv\\Lib\\site-packages\\tzdata\\zoneinfo\\America\\Argentina'...
Listing '.\\.venv\\Lib\\site-packages\\tzdata\\zoneinfo\\America\\Indiana'...
Listing '.\\.venv\\Lib\\site-packages\\tzdata\\zoneinfo\\America\\Kentucky'...
Listing '.\\.venv\\Lib\\site-packages\\tzdata\\zoneinfo\\America\\North_Dakota'...
Listing '.\\.venv\\Lib\\site-packages\\tzdata\\zoneinfo\\Antarctica'...
Listing '.\\.venv\\Lib\\site-packages\\tzdata\\zoneinfo\\Arctic'...
Listing '.\\.venv\\Lib\\site-packages\\tzdata\\zoneinfo\\Asia'...
Listing '.\\.venv\\Lib\\site-packages\\tzdata\\zoneinfo\\Atlantic'...
Listing '.\\.venv\\Lib\\site-packages\\tzdata\\zoneinfo\\Australia'...
Listing '.\\.venv\\Lib\\site-packages\\tzdata\\zoneinfo\\Brazil'...
Listing '.\\.venv\\Lib\\site-packages\\tzdata\\zoneinfo\\Canada'...
Listing '.\\.venv\\Lib\\site-packages\\tzdata\\zoneinfo\\Chile'...
Listing '.\\.venv\\Lib\\site-packages\\tzdata\\zoneinfo\\Etc'...
Listing '.\\.venv\\Lib\\site-packages\\tzdata\\zoneinfo\\Europe'...
Listing '.\\.venv\\Lib\\site-packages\\tzdata\\zoneinfo\\Indian'...
Listing '.\\.venv\\Lib\\site-packages\\tzdata\\zoneinfo\\Mexico'...
Listing '.\\.venv\\Lib\\site-packages\\tzdata\\zoneinfo\\Pacific'...
Listing '.\\.venv\\Lib\\site-packages\\tzdata\\zoneinfo\\US'...
Listing '.\\.venv\\Lib\\site-packages\\tzdata-2026.2.dist-info'...
Listing '.\\.venv\\Lib\\site-packages\\tzdata-2026.2.dist-info\\licenses'...
Listing '.\\.venv\\Lib\\site-packages\\tzdata-2026.2.dist-info\\licenses\\licenses'...
Listing '.\\.venv\\Lib\\site-packages\\tzlocal'...
Listing '.\\.venv\\Lib\\site-packages\\tzlocal-5.4.4.dist-info'...
Listing '.\\.venv\\Lib\\site-packages\\tzlocal-5.4.4.dist-info\\licenses'...
Listing '.\\.venv\\Lib\\site-packages\\ujson-5.13.0.dist-info'...
Listing '.\\.venv\\Lib\\site-packages\\ujson-5.13.0.dist-info\\licenses'...
Listing '.\\.venv\\Lib\\site-packages\\ujson-stubs'...
Listing '.\\.venv\\Lib\\site-packages\\urllib3'...
Listing '.\\.venv\\Lib\\site-packages\\urllib3\\contrib'...
Listing '.\\.venv\\Lib\\site-packages\\urllib3\\contrib\\emscripten'...
Listing '.\\.venv\\Lib\\site-packages\\urllib3\\http2'...
Listing '.\\.venv\\Lib\\site-packages\\urllib3\\util'...
Listing '.\\.venv\\Lib\\site-packages\\urllib3-2.7.0.dist-info'...
Listing '.\\.venv\\Lib\\site-packages\\urllib3-2.7.0.dist-info\\licenses'...
Listing '.\\.venv\\Lib\\site-packages\\uvicorn'...
Listing '.\\.venv\\Lib\\site-packages\\uvicorn\\lifespan'...
Listing '.\\.venv\\Lib\\site-packages\\uvicorn\\loops'...
Listing '.\\.venv\\Lib\\site-packages\\uvicorn\\middleware'...
Listing '.\\.venv\\Lib\\site-packages\\uvicorn\\protocols'...
Listing '.\\.venv\\Lib\\site-packages\\uvicorn\\protocols\\http'...
Listing '.\\.venv\\Lib\\site-packages\\uvicorn\\protocols\\websockets'...
Listing '.\\.venv\\Lib\\site-packages\\uvicorn\\supervisors'...
Listing '.\\.venv\\Lib\\site-packages\\uvicorn-0.51.0.dist-info'...
Listing '.\\.venv\\Lib\\site-packages\\uvicorn-0.51.0.dist-info\\licenses'...
Listing '.\\.venv\\Lib\\site-packages\\websocket'...
Listing '.\\.venv\\Lib\\site-packages\\websocket\\tests'...
Listing '.\\.venv\\Lib\\site-packages\\websocket\\tests\\data'...
Listing '.\\.venv\\Lib\\site-packages\\websocket_client-1.9.0.dist-info'...
Listing '.\\.venv\\Lib\\site-packages\\websocket_client-1.9.0.dist-info\\licenses'...
Listing '.\\.venv\\Lib\\site-packages\\websockets'...
Listing '.\\.venv\\Lib\\site-packages\\websockets\\asyncio'...
Listing '.\\.venv\\Lib\\site-packages\\websockets\\extensions'...
Listing '.\\.venv\\Lib\\site-packages\\websockets\\legacy'...
Listing '.\\.venv\\Lib\\site-packages\\websockets\\sync'...
Listing '.\\.venv\\Lib\\site-packages\\websockets-13.1.dist-info'...
Listing '.\\.venv\\Lib\\site-packages\\win32'...
Listing '.\\.venv\\Lib\\site-packages\\win32\\Demos'...
Listing '.\\.venv\\Lib\\site-packages\\win32\\Demos\\c_extension'...
Listing '.\\.venv\\Lib\\site-packages\\win32\\Demos\\dde'...
Listing '.\\.venv\\Lib\\site-packages\\win32\\Demos\\images'...
Listing '.\\.venv\\Lib\\site-packages\\win32\\Demos\\pipes'...
Listing '.\\.venv\\Lib\\site-packages\\win32\\Demos\\security'...
Listing '.\\.venv\\Lib\\site-packages\\win32\\Demos\\security\\sspi'...
Listing '.\\.venv\\Lib\\site-packages\\win32\\Demos\\service'...
Listing '.\\.venv\\Lib\\site-packages\\win32\\Demos\\win32wnet'...
Listing '.\\.venv\\Lib\\site-packages\\win32\\include'...
Listing '.\\.venv\\Lib\\site-packages\\win32\\lib'...
Listing '.\\.venv\\Lib\\site-packages\\win32\\libs'...
Listing '.\\.venv\\Lib\\site-packages\\win32\\scripts'...
Listing '.\\.venv\\Lib\\site-packages\\win32\\scripts\\VersionStamp'...
Listing '.\\.venv\\Lib\\site-packages\\win32\\test'...
Listing '.\\.venv\\Lib\\site-packages\\win32\\test\\win32rcparser'...
Listing '.\\.venv\\Lib\\site-packages\\win32com'...
Listing '.\\.venv\\Lib\\site-packages\\win32com\\HTML'...
Listing '.\\.venv\\Lib\\site-packages\\win32com\\HTML\\image'...
Listing '.\\.venv\\Lib\\site-packages\\win32com\\client'...
Listing '.\\.venv\\Lib\\site-packages\\win32com\\demos'...
Listing '.\\.venv\\Lib\\site-packages\\win32com\\include'...
Listing '.\\.venv\\Lib\\site-packages\\win32com\\libs'...
Listing '.\\.venv\\Lib\\site-packages\\win32com\\makegw'...
Listing '.\\.venv\\Lib\\site-packages\\win32com\\server'...
Listing '.\\.venv\\Lib\\site-packages\\win32com\\servers'...
Listing '.\\.venv\\Lib\\site-packages\\win32com\\test'...
Listing '.\\.venv\\Lib\\site-packages\\win32comext'...
Listing '.\\.venv\\Lib\\site-packages\\win32comext\\adsi'...
Listing '.\\.venv\\Lib\\site-packages\\win32comext\\adsi\\demos'...
Listing '.\\.venv\\Lib\\site-packages\\win32comext\\authorization'...
Listing '.\\.venv\\Lib\\site-packages\\win32comext\\authorization\\demos'...
Listing '.\\.venv\\Lib\\site-packages\\win32comext\\axcontrol'...
Listing '.\\.venv\\Lib\\site-packages\\win32comext\\axdebug'...
Listing '.\\.venv\\Lib\\site-packages\\win32comext\\axscript'...
Listing '.\\.venv\\Lib\\site-packages\\win32comext\\axscript\\client'...
Listing '.\\.venv\\Lib\\site-packages\\win32comext\\axscript\\demos'...
Listing '.\\.venv\\Lib\\site-packages\\win32comext\\axscript\\demos\\client'...
Listing '.\\.venv\\Lib\\site-packages\\win32comext\\axscript\\demos\\client\\asp'...
Listing '.\\.venv\\Lib\\site-packages\\win32comext\\axscript\\demos\\client\\asp\\interrupt'...
Listing '.\\.venv\\Lib\\site-packages\\win32comext\\axscript\\demos\\client\\ie'...
Listing '.\\.venv\\Lib\\site-packages\\win32comext\\axscript\\demos\\client\\wsh'...
Listing '.\\.venv\\Lib\\site-packages\\win32comext\\axscript\\server'...
Listing '.\\.venv\\Lib\\site-packages\\win32comext\\axscript\\test'...
Listing '.\\.venv\\Lib\\site-packages\\win32comext\\bits'...
Listing '.\\.venv\\Lib\\site-packages\\win32comext\\bits\\test'...
Listing '.\\.venv\\Lib\\site-packages\\win32comext\\directsound'...
Listing '.\\.venv\\Lib\\site-packages\\win32comext\\directsound\\test'...
Listing '.\\.venv\\Lib\\site-packages\\win32comext\\ifilter'...
Listing '.\\.venv\\Lib\\site-packages\\win32comext\\ifilter\\demos'...
Listing '.\\.venv\\Lib\\site-packages\\win32comext\\internet'...
Listing '.\\.venv\\Lib\\site-packages\\win32comext\\mapi'...
Listing '.\\.venv\\Lib\\site-packages\\win32comext\\mapi\\demos'...
Listing '.\\.venv\\Lib\\site-packages\\win32comext\\propsys'...
Listing '.\\.venv\\Lib\\site-packages\\win32comext\\propsys\\test'...
Listing '.\\.venv\\Lib\\site-packages\\win32comext\\shell'...
Listing '.\\.venv\\Lib\\site-packages\\win32comext\\shell\\demos'...
Listing '.\\.venv\\Lib\\site-packages\\win32comext\\shell\\demos\\servers'...
Listing '.\\.venv\\Lib\\site-packages\\win32comext\\shell\\test'...
Listing '.\\.venv\\Lib\\site-packages\\win32comext\\taskscheduler'...
Listing '.\\.venv\\Lib\\site-packages\\win32comext\\taskscheduler\\test'...
Listing '.\\.venv\\Lib\\site-packages\\yaml'...
Listing '.\\.venv\\Scripts'...
Listing '.\\.vscode'...
Listing '.\\cache'...
Listing '.\\data'...
Listing '.\\evals'...
Listing '.\\falco'...
Listing '.\\firewall'...
Listing '.\\logs'...
Listing '.\\prompts'...
Listing '.\\qdrant_storage'...
Listing '.\\sample-repo'...
Listing '.\\sample-repo\\auth-service'...
Listing '.\\sample-repo\\auth-service\\src'...
Listing '.\\sample-repo\\auth-service\\src\\main'...
Listing '.\\sample-repo\\auth-service\\src\\main\\java'...
Listing '.\\sample-repo\\auth-service\\src\\main\\java\\com'...
Listing '.\\sample-repo\\auth-service\\src\\main\\java\\com\\poc'...
Listing '.\\sample-repo\\auth-service\\src\\test'...
Listing '.\\sample-repo\\auth-service\\src\\test\\java'...
Listing '.\\sample-repo\\auth-service\\src\\test\\java\\com'...
Listing '.\\sample-repo\\auth-service\\src\\test\\java\\com\\poc'...
Listing '.\\sample-repo\\data-worker'...
Listing '.\\sample-repo\\frontend'...
Listing '.\\sample-repo\\frontend\\public'...
Listing '.\\sample-repo\\frontend\\src'...
Listing '.\\sample-repo\\frontend\\tests'...
Listing '.\\scripts'...
Listing '.\\seed'...
Listing '.\\tests'...
