........................................................................ [ 52%]
.................................................................        [100%]
============================== warnings summary ===============================
.venv\Lib\site-packages\fastapi\testclient.py:1
  C:\Users\claud\OneDrive\Escritorio\poc-ai-agents\.venv\Lib\site-packages\fastapi\testclient.py:1: StarletteDeprecationWarning: Using `httpx` with `starlette.testclient` is deprecated; install `httpx2` instead.
    from starlette.testclient import TestClient as TestClient  # noqa

.venv\Lib\site-packages\prefect\_vendor\starlette\formparsers.py:10
  C:\Users\claud\OneDrive\Escritorio\poc-ai-agents\.venv\Lib\site-packages\prefect\_vendor\starlette\formparsers.py:10: PendingDeprecationWarning: Please use `import python_multipart` instead.
    import multipart

.venv\Lib\site-packages\prefect\input\run_input.py:145
  C:\Users\claud\OneDrive\Escritorio\poc-ai-agents\.venv\Lib\site-packages\prefect\input\run_input.py:145: PydanticDeprecatedSince20: Support for class-based `config` is deprecated, use ConfigDict instead. Deprecated in Pydantic V2.0 to be removed in V3.0. See Pydantic V2 Migration Guide at https://errors.pydantic.dev/2.13/migration/
    class RunInput(pydantic.BaseModel):

.venv\Lib\site-packages\prefect\_internal\pydantic\v2_validated_func.py:51
.venv\Lib\site-packages\prefect\_internal\pydantic\v2_validated_func.py:51
  C:\Users\claud\OneDrive\Escritorio\poc-ai-agents\.venv\Lib\site-packages\prefect\_internal\pydantic\v2_validated_func.py:51: PydanticDeprecatedSince20: Support for class-based `config` is deprecated, use ConfigDict instead. Deprecated in Pydantic V2.0 to be removed in V3.0. See Pydantic V2 Migration Guide at https://errors.pydantic.dev/2.13/migration/
    class DecoratorBaseModel(BaseModel):

-- Docs: https://docs.pytest.org/en/stable/how-to/capture-warnings.html
137 passed, 5 warnings in 3.73s
